Component: ARM Compiler 5.06 update 6 (build 750) Tool: armlink [4d35ed]

==============================================================================

Section Cross References

    main.o(i.SysTick_Handler) refers to delay.o(i.TimeTick_Decrement) for TimeTick_Decrement
    main.o(i.assert_nrf_callback) refers to app_error_handler_keil.o(.emb_text) for app_error_handler
    main.o(i.ble_evt_handler) refers to nrf_log_frontend.o(i.nrf_log_frontend_std_0) for nrf_log_frontend_std_0
    main.o(i.ble_evt_handler) refers to bsp.o(i.bsp_indication_set) for bsp_indication_set
    main.o(i.ble_evt_handler) refers to app_error.o(i.app_error_handler_bare) for app_error_handler_bare
    main.o(i.ble_evt_handler) refers to nrf_ble_qwr.o(i.nrf_ble_qwr_conn_handle_assign) for nrf_ble_qwr_conn_handle_assign
    main.o(i.ble_evt_handler) refers to main.o(.data) for .data
    main.o(i.ble_evt_handler) refers to nrf_log_frontend.o(log_dynamic_data) for m_nrf_log_app_logs_data_dynamic
    main.o(i.ble_evt_handler) refers to main.o(.bss) for .bss
    main.o(i.bsp_event_handler) refers to main.o(i.sleep_mode_enter) for sleep_mode_enter
    main.o(i.bsp_event_handler) refers to app_error.o(i.app_error_handler_bare) for app_error_handler_bare
    main.o(i.bsp_event_handler) refers to ble_advertising.o(i.ble_advertising_restart_without_whitelist) for ble_advertising_restart_without_whitelist
    main.o(i.bsp_event_handler) refers to main.o(.data) for .data
    main.o(i.bsp_event_handler) refers to main.o(.bss) for .bss
    main.o(i.conn_params_error_handler) refers to app_error.o(i.app_error_handler_bare) for app_error_handler_bare
    main.o(i.gatt_evt_handler) refers to nrf_log_frontend.o(i.nrf_log_frontend_std_2) for nrf_log_frontend_std_2
    main.o(i.gatt_evt_handler) refers to main.o(.data) for .data
    main.o(i.gatt_evt_handler) refers to nrf_log_frontend.o(log_dynamic_data) for m_nrf_log_app_logs_data_dynamic
    main.o(i.gatt_init) refers to nrf_ble_gatt.o(i.nrf_ble_gatt_init) for nrf_ble_gatt_init
    main.o(i.gatt_init) refers to app_error.o(i.app_error_handler_bare) for app_error_handler_bare
    main.o(i.gatt_init) refers to nrf_ble_gatt.o(i.nrf_ble_gatt_att_mtu_periph_set) for nrf_ble_gatt_att_mtu_periph_set
    main.o(i.gatt_init) refers to main.o(i.gatt_evt_handler) for gatt_evt_handler
    main.o(i.gatt_init) refers to main.o(.bss) for .bss
    main.o(i.main) refers to memcpya.o(.text) for __aeabi_memcpy4
    main.o(i.main) refers to app_uart_fifo.o(i.app_uart_init) for app_uart_init
    main.o(i.main) refers to app_error.o(i.app_error_handler_bare) for app_error_handler_bare
    main.o(i.main) refers to nrf_log_frontend.o(i.nrf_log_init) for nrf_log_init
    main.o(i.main) refers to nrf_log_default_backends.o(i.nrf_log_default_backends_init) for nrf_log_default_backends_init
    main.o(i.main) refers to app_timer.o(i.app_timer_init) for app_timer_init
    main.o(i.main) refers to bsp.o(i.bsp_init) for bsp_init
    main.o(i.main) refers to bsp_btn_ble.o(i.bsp_btn_ble_init) for bsp_btn_ble_init
    main.o(i.main) refers to nrf_pwr_mgmt.o(i.nrf_pwr_mgmt_init) for nrf_pwr_mgmt_init
    main.o(i.main) refers to nrf_sdh.o(i.nrf_sdh_enable_request) for nrf_sdh_enable_request
    main.o(i.main) refers to nrf_sdh_ble.o(i.nrf_sdh_ble_default_cfg_set) for nrf_sdh_ble_default_cfg_set
    main.o(i.main) refers to nrf_sdh_ble.o(i.nrf_sdh_ble_enable) for nrf_sdh_ble_enable
    main.o(i.main) refers to main.o(i.gatt_init) for gatt_init
    main.o(i.main) refers to nrf_ble_qwr.o(i.nrf_ble_qwr_init) for nrf_ble_qwr_init
    main.o(i.main) refers to ble_nus.o(i.ble_nus_init) for ble_nus_init
    main.o(i.main) refers to memseta.o(.text) for __aeabi_memclr4
    main.o(i.main) refers to ble_advertising.o(i.ble_advertising_init) for ble_advertising_init
    main.o(i.main) refers to ble_advertising.o(i.ble_advertising_conn_cfg_tag_set) for ble_advertising_conn_cfg_tag_set
    main.o(i.main) refers to ble_conn_params.o(i.ble_conn_params_init) for ble_conn_params_init
    main.o(i.main) refers to led_mode_handler.o(i.led_mode_init) for led_mode_init
    main.o(i.main) refers to delay.o(i.SysTick_Init) for SysTick_Init
    main.o(i.main) refers to spi_apa102.o(i.spi_apa102_init) for spi_apa102_init
    main.o(i.main) refers to printfb.o(i.__0printf$bare) for __2printf
    main.o(i.main) refers to nrf_log_frontend.o(i.nrf_log_frontend_std_0) for nrf_log_frontend_std_0
    main.o(i.main) refers to ble_advertising.o(i.ble_advertising_start) for ble_advertising_start
    main.o(i.main) refers to led_mode_handler.o(i.led_mode_handler) for led_mode_handler
    main.o(i.main) refers to blap.o(i.blap_handler) for blap_handler
    main.o(i.main) refers to nrf_log_frontend.o(i.nrf_log_frontend_dequeue) for nrf_log_frontend_dequeue
    main.o(i.main) refers to nrf_pwr_mgmt.o(i.nrf_pwr_mgmt_run) for nrf_pwr_mgmt_run
    main.o(i.main) refers to main.o(.constdata) for .constdata
[...]
    app_fifo_put                             0x000270d9   Thumb Code    26  app_fifo.o(i.app_fifo_put)
    app_timer_create                         0x000270f5   Thumb Code    36  app_timer.o(i.app_timer_create)
    app_timer_init                           0x0002711d   Thumb Code    70  app_timer.o(i.app_timer_init)
    app_timer_start                          0x00027171   Thumb Code   128  app_timer.o(i.app_timer_start)
    app_timer_stop                           0x000271f9   Thumb Code    26  app_timer.o(i.app_timer_stop)
    app_uart_get                             0x00027219   Thumb Code    42  app_uart_fifo.o(i.app_uart_get)
    app_uart_init                            0x0002724d   Thumb Code   148  app_uart_fifo.o(i.app_uart_init)
    app_uart_put                             0x000272f1   Thumb Code    70  app_uart_fifo.o(i.app_uart_put)
    app_util_critical_region_enter           0x00027345   Thumb Code    64  app_util_platform.o(i.app_util_critical_region_enter)
    app_util_critical_region_exit            0x0002738d   Thumb Code    46  app_util_platform.o(i.app_util_critical_region_exit)
    blap_checker                             0x000274d1   Thumb Code    90  blap.o(i.blap_checker)
    blap_drgb                                0x00027561   Thumb Code    14  blap.o(i.blap_drgb)
    blap_handler                             0x00027571   Thumb Code    34  blap.o(i.blap_handler)
    blap_text                                0x00027599   Thumb Code   146  blap.o(i.blap_text)
    blcm_link_ctx_get                        0x00027635   Thumb Code    72  ble_link_ctx_manager.o(i.blcm_link_ctx_get)
    ble_advdata_encode                       0x0002767d   Thumb Code   386  ble_advdata.o(i.ble_advdata_encode)
    ble_advdata_parse                        0x000277ff   Thumb Code    32  ble_advdata.o(i.ble_advdata_parse)
    ble_advdata_search                       0x0002781f   Thumb Code    56  ble_advdata.o(i.ble_advdata_search)
    ble_advertising_conn_cfg_tag_set         0x00027857   Thumb Code     6  ble_advertising.o(i.ble_advertising_conn_cfg_tag_set)
    ble_advertising_init                     0x0002785d   Thumb Code   250  ble_advertising.o(i.ble_advertising_init)
    ble_advertising_on_ble_evt               0x00027957   Thumb Code   106  ble_advertising.o(i.ble_advertising_on_ble_evt)
    ble_advertising_on_sys_evt               0x000279c1   Thumb Code    48  ble_advertising.o(i.ble_advertising_on_sys_evt)
    ble_advertising_restart_without_whitelist 0x000279f1   Thumb Code    58  ble_advertising.o(i.ble_advertising_restart_without_whitelist)
    ble_advertising_start                    0x00027a2b   Thumb Code   566  ble_advertising.o(i.ble_advertising_start)
    ble_conn_params_init                     0x00027c61   Thumb Code    90  ble_conn_params.o(i.ble_conn_params_init)
    ble_conn_state_conn_idx                  0x00027cc9   Thumb Code    18  ble_conn_state.o(i.ble_conn_state_conn_idx)
    ble_conn_state_valid                     0x00027cdd   Thumb Code    16  ble_conn_state.o(i.ble_conn_state_valid)
    ble_nus_data_send                        0x00028091   Thumb Code   102  ble_nus.o(i.ble_nus_data_send)
    ble_nus_init                             0x000280f9   Thumb Code    84  ble_nus.o(i.ble_nus_init)
    ble_nus_on_ble_evt                       0x00028151   Thumb Code   112  ble_nus.o(i.ble_nus_on_ble_evt)
    ble_srv_is_notification_enabled          0x000281c1   Thumb Code     8  ble_srv_common.o(i.ble_srv_is_notification_enabled)
    bsp_board_button_idx_to_pin              0x000281c9   Thumb Code     6  boards.o(i.bsp_board_button_idx_to_pin)
    bsp_board_button_state_get               0x000281d5   Thumb Code    28  boards.o(i.bsp_board_button_state_get)
    bsp_board_init                           0x000281f5   Thumb Code    80  boards.o(i.bsp_board_init)
    bsp_board_led_invert                     0x00028249   Thumb Code    32  boards.o(i.bsp_board_led_invert)
    bsp_board_led_off                        0x0002826d   Thumb Code    10  boards.o(i.bsp_board_led_off)
    bsp_board_led_on                         0x0002827d   Thumb Code    10  boards.o(i.bsp_board_led_on)
    bsp_board_led_state_get                  0x0002828d   Thumb Code    28  boards.o(i.bsp_board_led_state_get)
    bsp_board_leds_off                       0x000282ad   Thumb Code    18  boards.o(i.bsp_board_leds_off)
    bsp_board_leds_on                        0x000282bf   Thumb Code    18  boards.o(i.bsp_board_leds_on)
    bsp_board_pin_to_button_idx              0x000282d1   Thumb Code    30  boards.o(i.bsp_board_pin_to_button_idx)
    bsp_btn_ble_init                         0x000282f5   Thumb Code    52  bsp_btn_ble.o(i.bsp_btn_ble_init)
    bsp_btn_ble_sleep_mode_prepare           0x0002832d   Thumb Code    30  bsp_btn_ble.o(i.bsp_btn_ble_sleep_mode_prepare)
    bsp_button_is_pressed                    0x000283dd   Thumb Code    12  bsp.o(i.bsp_button_is_pressed)
    bsp_event_handler                        0x000283e9   Thumb Code    66  main.o(i.bsp_event_handler)
    bsp_event_to_button_action_assign        0x00028435   Thumb Code    64  bsp.o(i.bsp_event_to_button_action_assign)
    bsp_indication_set                       0x00028479   Thumb Code    20  bsp.o(i.bsp_indication_set)
    bsp_init                                 0x00028491   Thumb Code   128  bsp.o(i.bsp_init)
    bsp_wakeup_button_enable                 0x000286dd   Thumb Code     6  bsp.o(i.bsp_wakeup_button_enable)
    buffer_is_empty                          0x00028795   Thumb Code    16  nrf_log_frontend.o(i.buffer_is_empty)
    char_to_index                            0x00028825   Thumb Code    60  font.o(i.char_to_index)
    conn_handle_list_get                     0x00028951   Thumb Code    62  ble_conn_state.o(i.conn_handle_list_get)
    delay_nms                                0x00028b21   Thumb Code    12  delay.o(i.delay_nms)
    fputc                                    0x00028cbf   Thumb Code    14  retarget.o(i.fputc)
    gatt_evt_handler                         0x00028ccd   Thumb Code    48  main.o(i.gatt_evt_handler)
    gatt_init                                0x00028d21   Thumb Code    38  main.o(i.gatt_init)
    init_buff                                0x00028dd5   Thumb Code    64  spi_apa102.o(i.init_buff)
    led_mode_checker                         0x00028fe5   Thumb Code   324  led_mode_handler.o(i.led_mode_checker)
    led_mode_handler                         0x00029151   Thumb Code   332  led_mode_handler.o(i.led_mode_handler)
    led_mode_init                            0x000292a5   Thumb Code    12  led_mode_handler.o(i.led_mode_init)
    main                                     0x000294a5   Thumb Code   472  main.o(i.main)
    nrf_atfifo_item_free                     0x000298a9   Thumb Code    22  nrf_atfifo.o(i.nrf_atfifo_item_free)
    nrf_atfifo_item_get                      0x000298bf   Thumb Code    22  nrf_atfifo.o(i.nrf_atfifo_item_get)
    nrf_atflags_clear                        0x000298d5   Thumb Code    22  nrf_atflags.o(i.nrf_atflags_clear)
    nrf_atflags_get                          0x000298eb   Thumb Code    22  nrf_atflags.o(i.nrf_atflags_get)
    nrf_atflags_set                          0x00029901   Thumb Code    20  nrf_atflags.o(i.nrf_atflags_set)
    nrf_atomic_flag_clear_fetch              0x00029915   Thumb Code     6  nrf_atomic.o(i.nrf_atomic_flag_clear_fetch)
    nrf_atomic_flag_set                      0x0002991b   Thumb Code     6  nrf_atomic.o(i.nrf_atomic_flag_set)
    nrf_atomic_u32_add                       0x00029921   Thumb Code    12  nrf_atomic.o(i.nrf_atomic_u32_add)
    nrf_atomic_u32_and                       0x0002992d   Thumb Code    12  nrf_atomic.o(i.nrf_atomic_u32_and)
    nrf_atomic_u32_fetch_and                 0x00029939   Thumb Code    10  nrf_atomic.o(i.nrf_atomic_u32_fetch_and)
    nrf_atomic_u32_fetch_store               0x00029943   Thumb Code    10  nrf_atomic.o(i.nrf_atomic_u32_fetch_store)
    nrf_atomic_u32_or                        0x0002994d   Thumb Code    12  nrf_atomic.o(i.nrf_atomic_u32_or)
    nrf_atomic_u32_sub                       0x00029959   Thumb Code    12  nrf_atomic.o(i.nrf_atomic_u32_sub)
    nrf_balloc_alloc                         0x00029965   Thumb Code    68  nrf_balloc.o(i.nrf_balloc_alloc)
    nrf_balloc_free                          0x000299a9   Thumb Code    48  nrf_balloc.o(i.nrf_balloc_free)
    nrf_balloc_init                          0x000299d9   Thumb Code    48  nrf_balloc.o(i.nrf_balloc_init)
    nrf_ble_gatt_att_mtu_periph_set          0x00029a2d   Thumb Code    24  nrf_ble_gatt.o(i.nrf_ble_gatt_att_mtu_periph_set)
    nrf_ble_gatt_init                        0x00029a45   Thumb Code    34  nrf_ble_gatt.o(i.nrf_ble_gatt_init)
    nrf_ble_gatt_on_ble_evt                  0x00029a69   Thumb Code   266  nrf_ble_gatt.o(i.nrf_ble_gatt_on_ble_evt)
    nrf_ble_qwr_conn_handle_assign           0x00029bb1   Thumb Code    22  nrf_ble_qwr.o(i.nrf_ble_qwr_conn_handle_assign)
    nrf_ble_qwr_init                         0x00029bc7   Thumb Code    36  nrf_ble_qwr.o(i.nrf_ble_qwr_init)
    nrf_ble_qwr_on_ble_evt                   0x00029beb   Thumb Code   182  nrf_ble_qwr.o(i.nrf_ble_qwr_on_ble_evt)
    nrf_drv_clock_init                       0x00029cc1   Thumb Code    48  nrf_drv_clock.o(i.nrf_drv_clock_init)
    nrf_drv_clock_lfclk_release              0x00029cf9   Thumb Code    42  nrf_drv_clock.o(i.nrf_drv_clock_lfclk_release)
    nrf_drv_spi_init                         0x00029d29   Thumb Code    98  nrf_drv_spi.o(i.nrf_drv_spi_init)
    nrf_drv_uart_init                        0x00029d99   Thumb Code    90  nrf_drv_uart.o(i.nrf_drv_uart_init)
    nrf_fprintf                              0x00029e41   Thumb Code    26  nrf_fprintf.o(i.nrf_fprintf)
    nrf_fprintf_buffer_flush                 0x00029e5b   Thumb Code    24  nrf_fprintf.o(i.nrf_fprintf_buffer_flush)
    nrf_fprintf_fmt                          0x00029e73   Thumb Code   474  nrf_fprintf_format.o(i.nrf_fprintf_fmt)
    nrf_fstorage_is_busy                     0x0002a04d   Thumb Code    70  nrf_fstorage.o(i.nrf_fstorage_is_busy)
    nrf_fstorage_sdh_req_handler             0x0002a09d   Thumb Code    18  nrf_fstorage_sd.o(i.nrf_fstorage_sdh_req_handler)
    nrf_fstorage_sdh_state_handler           0x0002a0b5   Thumb Code    28  nrf_fstorage_sd.o(i.nrf_fstorage_sdh_state_handler)
    nrf_fstorage_sys_evt_handler             0x0002a0d5   Thumb Code   154  nrf_fstorage_sd.o(i.nrf_fstorage_sys_evt_handler)
    nrf_log_backend_add                      0x0002a345   Thumb Code    74  nrf_log_frontend.o(i.nrf_log_backend_add)
    nrf_log_backend_rtt_init                 0x0002a397   Thumb Code     4  nrf_log_backend_rtt.o(i.nrf_log_backend_rtt_init)
    nrf_log_backend_serial_put               0x0002a3b5   Thumb Code   200  nrf_log_backend_serial.o(i.nrf_log_backend_serial_put)
    nrf_log_color_id_get                     0x0002a47d   Thumb Code    42  nrf_log_frontend.o(i.nrf_log_color_id_get)
    nrf_log_default_backends_init            0x0002a4ad   Thumb Code    22  nrf_log_default_backends.o(i.nrf_log_default_backends_init)
    nrf_log_frontend_dequeue                 0x0002a4c9   Thumb Code   510  nrf_log_frontend.o(i.nrf_log_frontend_dequeue)
    nrf_log_frontend_std_0                   0x0002a6e9   Thumb Code     8  nrf_log_frontend.o(i.nrf_log_frontend_std_0)
    nrf_log_frontend_std_1                   0x0002a6f1   Thumb Code    14  nrf_log_frontend.o(i.nrf_log_frontend_std_1)
    nrf_log_frontend_std_2                   0x0002a6ff   Thumb Code    16  nrf_log_frontend.o(i.nrf_log_frontend_std_2)
    nrf_log_hexdump_entry_process            0x0002a711   Thumb Code   146  nrf_log_str_formatter.o(i.nrf_log_hexdump_entry_process)
    nrf_log_init                             0x0002a7bd   Thumb Code    66  nrf_log_frontend.o(i.nrf_log_init)
    nrf_log_module_cnt_get                   0x0002a815   Thumb Code    10  nrf_log_frontend.o(i.nrf_log_module_cnt_get)
    nrf_log_module_name_get                  0x0002a829   Thumb Code    24  nrf_log_frontend.o(i.nrf_log_module_name_get)
    nrf_log_panic                            0x0002a845   Thumb Code    34  nrf_log_frontend.o(i.nrf_log_panic)
    nrf_log_std_entry_process                0x0002a86d   Thumb Code   182  nrf_log_str_formatter.o(i.nrf_log_std_entry_process)
    nrf_memobj_alloc                         0x0002a923   Thumb Code    96  nrf_memobj.o(i.nrf_memobj_alloc)
    nrf_memobj_free                          0x0002a983   Thumb Code    50  nrf_memobj.o(i.nrf_memobj_free)
    nrf_memobj_get                           0x0002a9b5   Thumb Code     8  nrf_memobj.o(i.nrf_memobj_get)
    nrf_memobj_pool_init                     0x0002a9bd   Thumb Code     4  nrf_memobj.o(i.nrf_memobj_pool_init)
    nrf_memobj_put                           0x0002a9c1   Thumb Code    30  nrf_memobj.o(i.nrf_memobj_put)
    nrf_memobj_read                          0x0002a9df   Thumb Code    12  nrf_memobj.o(i.nrf_memobj_read)
    nrf_memobj_write                         0x0002a9eb   Thumb Code    12  nrf_memobj.o(i.nrf_memobj_write)
    nrf_pwr_mgmt_init                        0x0002a9f9   Thumb Code    28  nrf_pwr_mgmt.o(i.nrf_pwr_mgmt_init)
    nrf_pwr_mgmt_run                         0x0002aa21   Thumb Code    64  nrf_pwr_mgmt.o(i.nrf_pwr_mgmt_run)
    nrf_sdh_ble_app_ram_start_get            0x0002aa69   Thumb Code    16  nrf_sdh_ble.o(i.nrf_sdh_ble_app_ram_start_get)
    nrf_sdh_ble_default_cfg_set              0x0002aa7d   Thumb Code   312  nrf_sdh_ble.o(i.nrf_sdh_ble_default_cfg_set)
    nrf_sdh_ble_enable                       0x0002abd1   Thumb Code   116  nrf_sdh_ble.o(i.nrf_sdh_ble_enable)
    nrf_sdh_disable_request                  0x0002ad5d   Thumb Code    80  nrf_sdh.o(i.nrf_sdh_disable_request)
    nrf_sdh_enable_request                   0x0002adb1   Thumb Code   130  nrf_sdh.o(i.nrf_sdh_enable_request)
    nrf_sdh_evts_poll                        0x0002ae41   Thumb Code    32  nrf_sdh.o(i.nrf_sdh_evts_poll)
    nrf_sdh_is_enabled                       0x0002ae65   Thumb Code     6  nrf_sdh.o(i.nrf_sdh_is_enabled)
    nrf_sdh_request_continue                 0x0002ae71   Thumb Code    22  nrf_sdh.o(i.nrf_sdh_request_continue)
    nrf_section_iter_init                    0x0002aec9   Thumb Code    10  nrf_section_iter.o(i.nrf_section_iter_init)
    nrf_section_iter_next                    0x0002aef7   Thumb Code    32  nrf_section_iter.o(i.nrf_section_iter_next)
    nrf_strerror_find                        0x0002af21   Thumb Code    52  nrf_strerror.o(i.nrf_strerror_find)
    nrf_strerror_get                         0x0002af59   Thumb Code    14  nrf_strerror.o(i.nrf_strerror_get)
    nrfx_clock_enable                        0x0002afa5   Thumb Code    36  nrfx_clock.o(i.nrfx_clock_enable)
    nrfx_clock_init                          0x0002afd1   Thumb Code    26  nrfx_clock.o(i.nrfx_clock_init)
    nrfx_clock_lfclk_stop                    0x0002aff1   Thumb Code    20  nrfx_clock.o(i.nrfx_clock_lfclk_stop)
    nrfx_gpiote_in_event_enable              0x0002b01d   Thumb Code   156  nrfx_gpiote.o(i.nrfx_gpiote_in_event_enable)
    nrfx_gpiote_in_init                      0x0002b0c1   Thumb Code   194  nrfx_gpiote.o(i.nrfx_gpiote_in_init)
    nrfx_gpiote_in_is_set                    0x0002b191   Thumb Code    20  nrfx_gpiote.o(i.nrfx_gpiote_in_is_set)
    nrfx_gpiote_init                         0x0002b1a5   Thumb Code    98  nrfx_gpiote.o(i.nrfx_gpiote_init)
    nrfx_gpiote_is_init                      0x0002b215   Thumb Code    14  nrfx_gpiote.o(i.nrfx_gpiote_is_init)
    nrfx_prs_acquire                         0x0002b249   Thumb Code    58  nrfx_prs.o(i.nrfx_prs_acquire)
    nrfx_spim_init                           0x0002b285   Thumb Code   392  nrfx_spim.o(i.nrfx_spim_init)
    nrfx_spim_xfer                           0x0002b415   Thumb Code    94  nrfx_spim.o(i.nrfx_spim_xfer)
    nrfx_uart_0_irq_handler                  0x0002b479   Thumb Code     8  nrfx_uart.o(i.nrfx_uart_0_irq_handler)
    nrfx_uart_init                           0x0002b489   Thumb Code   200  nrfx_uart.o(i.nrfx_uart_init)
    nrfx_uart_rx                             0x0002b55d   Thumb Code   230  nrfx_uart.o(i.nrfx_uart_rx)
    nrfx_uart_tx                             0x0002b649   Thumb Code   160  nrfx_uart.o(i.nrfx_uart_tx)
    nrfx_uart_tx_in_progress                 0x0002b6ed   Thumb Code    26  nrfx_uart.o(i.nrfx_uart_tx_in_progress)
    nrfx_uarte_0_irq_handler                 0x0002b70d   Thumb Code     8  nrfx_uarte.o(i.nrfx_uarte_0_irq_handler)
    nrfx_uarte_init                          0x0002b71d   Thumb Code   100  nrfx_uarte.o(i.nrfx_uarte_init)
    nrfx_uarte_rx                            0x0002b789   Thumb Code   256  nrfx_uarte.o(i.nrfx_uarte_rx)
    nrfx_uarte_tx                            0x0002b88d   Thumb Code   138  nrfx_uarte.o(i.nrfx_uarte_tx)
    nrfx_uarte_tx_in_progress                0x0002b91d   Thumb Code    22  nrfx_uarte.o(i.nrfx_uarte_tx_in_progress)
    send_uart                                0x0002c0f5   Thumb Code    66  send_uart.o(i.send_uart)
    set_full_color                           0x0002c241   Thumb Code    28  spi_apa102.o(i.set_full_color)
    set_grid_color                           0x0002c261   Thumb Code    46  spi_apa102.o(i.set_grid_color)
    set_grid_single_color                    0x0002c295   Thumb Code    54  spi_apa102.o(i.set_grid_single_color)
    set_grid_text_color                      0x0002c2d1   Thumb Code    94  spi_apa102.o(i.set_grid_text_color)
    set_pixel_color                          0x0002c335   Thumb Code    16  spi_apa102.o(i.set_pixel_color)
    spi_apa102_init                          0x0002c411   Thumb Code    52  spi_apa102.o(i.spi_apa102_init)
    spi_event_handler                        0x0002c44d   Thumb Code     8  spi_apa102.o(i.spi_event_handler)
    spi_send                                 0x0002c459   Thumb Code    38  spi_apa102.o(i.spi_send)
    uart_event_handle                        0x0002c8f1   Thumb Code   104  main.o(i.uart_event_handle)
    nrf_log_backend_rtt_api                  0x0002d188   Data          12  nrf_log_backend_rtt.o(.constdata)
    m_ram_start                              0x0002d220   Data           4  nrf_sdh_ble.o(.constdata)
    __ctype_table                            0x0002d24c   Data         129  ctype_o.o(.constdata)
    Region$$Table$$Base                      0x0002da4c   Number         0  anon$$obj.o(Region$$Table)
    Region$$Table$$Limit                     0x0002da6c   Number         0  anon$$obj.o(Region$$Table)
    log_const_data$$Base                     0x0002da6c   Number         0  nrfx_spim.o(log_const_data)
    m_nrf_log_SPIM_logs_data_const           0x0002da6c   Data           8  nrfx_spim.o(log_const_data)
    m_nrf_log_nrf_ble_gatt_logs_data_const   0x0002da74   Data           8  nrf_ble_gatt.o(log_const_data)
    m_nrf_log_ble_nus_logs_data_const        0x0002da7c   Data           8  ble_nus.o(log_const_data)
    m_nrf_log_clock_logs_data_const          0x0002da84   Data           8  nrf_drv_clock.o(log_const_data)
    m_nrf_log_CLOCK_logs_data_const          0x0002da8c   Data           8  nrfx_clock.o(log_const_data)
    m_nrf_log_GPIOTE_logs_data_const         0x0002da94   Data           8  nrfx_gpiote.o(log_const_data)
    m_nrf_log_PRS_logs_data_const            0x0002da9c   Data           8  nrfx_prs.o(log_const_data)
    m_nrf_log_UART_logs_data_const           0x0002daa4   Data           8  nrfx_uart.o(log_const_data)
    m_nrf_log_UARTE_logs_data_const          0x0002daac   Data           8  nrfx_uarte.o(log_const_data)
    m_nrf_log_nrf_fstorage_logs_data_const   0x0002dab4   Data           8  nrf_fstorage.o(log_const_data)
    m_nrf_log_atfifo_m_fifo_logs_data_const  0x0002dabc   Data           8  nrf_fstorage_sd.o(log_const_data)
    m_nrf_log_pwr_mgmt_logs_data_const       0x0002dac4   Data           8  nrf_pwr_mgmt.o(log_const_data)
    m_nrf_log_balloc_log_mempool_logs_data_const 0x0002dacc   Data           8  nrf_log_frontend.o(log_const_data)
    m_nrf_log_app_logs_data_const            0x0002dad4   Data           8  nrf_log_frontend.o(log_const_data)
    m_nrf_log_nrf_sdh_logs_data_const        0x0002dadc   Data           8  nrf_sdh.o(log_const_data)
    m_nrf_log_nrf_sdh_ble_logs_data_const    0x0002dae4   Data           8  nrf_sdh_ble.o(log_const_data)
    m_nrf_log_nrf_sdh_soc_logs_data_const    0x0002daec   Data           8  nrf_sdh_soc.o(log_const_data)
    log_const_data$$Limit                    0x0002daf4   Number         0  nrf_sdh_soc.o(log_const_data)
    log_mempool                              0x0002daf4   Data          24  nrf_log_frontend.o(nrf_balloc)
    sdh_ble_observers0$$Base                 0x0002db0c   Number         0  ble_conn_state.o(sdh_ble_observers0)
    sdh_ble_observers0$$Limit                0x0002db14   Number         0  ble_conn_state.o(sdh_ble_observers0)
    sdh_ble_observers1$$Base                 0x0002db14   Number         0  main.o(sdh_ble_observers1)
    sdh_ble_observers1$$Limit                0x0002db34   Number         0  ble_conn_params.o(sdh_ble_observers1)
    sdh_ble_observers2$$Base                 0x0002db34   Number         0  main.o(sdh_ble_observers2)
    sdh_ble_observers2$$Limit                0x0002db44   Number         0  main.o(sdh_ble_observers2)
    sdh_ble_observers3$$Base                 0x0002db44   Number         0  main.o(sdh_ble_observers3)
    m_req_obs                                0x0002db4c   Data           8  nrf_fstorage_sd.o(sdh_req_observers0)
    sdh_ble_observers3$$Limit                0x0002db4c   Number         0  main.o(sdh_ble_observers3)
    sdh_req_observers0$$Base                 0x0002db4c   Number         0  nrf_fstorage_sd.o(sdh_req_observers0)
    sdh_req_observers0$$Limit                0x0002db54   Number         0  nrf_fstorage_sd.o(sdh_req_observers0)
    sdh_soc_observers0$$Base                 0x0002db54   Number         0  nrf_drv_clock.o(sdh_soc_observers0)
    sdh_soc_observers0$$Limit                0x0002db64   Number         0  nrf_fstorage_sd.o(sdh_soc_observers0)
    sdh_soc_observers1$$Base                 0x0002db64   Number         0  main.o(sdh_soc_observers1)
    sdh_soc_observers1$$Limit                0x0002db6c   Number         0  main.o(sdh_soc_observers1)
    sdh_stack_observers0$$Base               0x0002db6c   Number         0  nrf_sdh_ble.o(sdh_stack_observers0)
    sdh_stack_observers0$$Limit              0x0002db7c   Number         0  nrf_sdh_soc.o(sdh_stack_observers0)
    sdh_state_observers0$$Base               0x0002db7c   Number         0  nrf_drv_clock.o(sdh_state_observers0)
    sdh_state_observers0$$Limit              0x0002db8c   Number         0  nrf_fstorage_sd.o(sdh_state_observers0)
    Image$$RW_IRAM1$$Base                    0x20002a98   Number         0  anon$$obj.o ABSOLUTE
    debug_main_buff                          0x20002aaa   Data           4  main.o(.data)
    got_it_array                             0x20002aae   Data           8  main.o(.data)
    LED_MODE                                 0x20002adc   Data           1  led_mode_handler.o(.data)
    PIXEL_COLOR                              0x20002add   Data           1  led_mode_handler.o(.data)
    is_number                                0x20002ade   Data           1  led_mode_handler.o(.data)
    PIXEL_INDEX                              0x20002ae0   Data           2  led_mode_handler.o(.data)
    set_pixel_color_tester                   0x20002ae2   Data           2  led_mode_handler.o(.data)
    set_pixel_tester                         0x20002ae4   Data           3  led_mode_handler.o(.data)
    BLAP_MODE                                0x20002ae8   Data           1  blap.o(.data)
    send_char                                0x20002aec   Data           4  blap.o(.data)
    mode_checker                             0x20002af0   Data           5  blap.o(.data)
    char_to_grid_mapping                     0x20002af5   Data         256  font.o(.data)
    nrf_drv_uart_use_easy_dma                0x20002c18   Data           1  nrf_drv_uart.o(.data)
    __stdout                                 0x20002cac   Data           4  retarget.o(.data)
    SystemCoreClock                          0x20002d14   Data           4  system_nrf52.o(.data)
    log_dynamic_data$$Base                   0x20002d1c   Number         0  nrfx_spim.o(log_dynamic_data)
    m_nrf_log_SPIM_logs_data_dynamic         0x20002d1c   Data           4  nrfx_spim.o(log_dynamic_data)
    m_nrf_log_nrf_ble_gatt_logs_data_dynamic 0x20002d20   Data           4  nrf_ble_gatt.o(log_dynamic_data)
    m_nrf_log_ble_nus_logs_data_dynamic      0x20002d24   Data           4  ble_nus.o(log_dynamic_data)
    m_nrf_log_clock_logs_data_dynamic        0x20002d28   Data           4  nrf_drv_clock.o(log_dynamic_data)
    m_nrf_log_CLOCK_logs_data_dynamic        0x20002d2c   Data           4  nrfx_clock.o(log_dynamic_data)
    m_nrf_log_GPIOTE_logs_data_dynamic       0x20002d30   Data           4  nrfx_gpiote.o(log_dynamic_data)
    m_nrf_log_PRS_logs_data_dynamic          0x20002d34   Data           4  nrfx_prs.o(log_dynamic_data)
    m_nrf_log_UART_logs_data_dynamic         0x20002d38   Data           4  nrfx_uart.o(log_dynamic_data)
    m_nrf_log_UARTE_logs_data_dynamic        0x20002d3c   Data           4  nrfx_uarte.o(log_dynamic_data)
    m_nrf_log_nrf_fstorage_logs_data_dynamic 0x20002d40   Data           4  nrf_fstorage.o(log_dynamic_data)
    m_nrf_log_atfifo_m_fifo_logs_data_dynamic 0x20002d44   Data           4  nrf_fstorage_sd.o(log_dynamic_data)
    m_nrf_log_pwr_mgmt_logs_data_dynamic     0x20002d48   Data           4  nrf_pwr_mgmt.o(log_dynamic_data)
    m_nrf_log_balloc_log_mempool_logs_data_dynamic 0x20002d4c   Data           4  nrf_log_frontend.o(log_dynamic_data)
    m_nrf_log_app_logs_data_dynamic          0x20002d50   Data           4  nrf_log_frontend.o(log_dynamic_data)
    m_nrf_log_nrf_sdh_logs_data_dynamic      0x20002d54   Data           4  nrf_sdh.o(log_dynamic_data)
    m_nrf_log_nrf_sdh_ble_logs_data_dynamic  0x20002d58   Data           4  nrf_sdh_ble.o(log_dynamic_data)
    m_nrf_log_nrf_sdh_soc_logs_data_dynamic  0x20002d5c   Data           4  nrf_sdh_soc.o(log_dynamic_data)
    ble_received_data                        0x20002d60   Data         197  main.o(.bss)
    spi_send_buffer                          0x20003ff4   Data         264  spi_apa102.o(.bss)
    spi_reff_buffer                          0x200040fc   Data          64  spi_apa102.o(.bss)
    nrf_nvic_state                           0x200044b8   Data          12  app_util_platform.o(.bss)
    _SEGGER_RTT                              0x20004a94   Data         120  segger_rtt.o(.bss)
    __initial_sp                             0x20006d20   Data           0  arm_startup_nrf52.o(STACK)



==============================================================================

Memory Map of the image

  Image Entry point : 0x00026201

  Load Region LR_IROM1 (Base: 0x00026000, Size: 0x00007e54, Max: 0x0005a000, ABSOLUTE, COMPRESSED[0x00007cbc])

    Execution Region ER_IROM1 (Exec base: 0x00026000, Load base: 0x00026000, Size: 0x00007b8c, Max: 0x0005a000, ABSOLUTE)

    Exec Addr    Load Addr    Size         Type   Attr      Idx    E Section Name        Object

    0x00026000   0x00026000   0x00000200   Data   RO         5343    RESET               arm_startup_nrf52.o
    0x00026200   0x00026200   0x00000000   Code   RO         5384  * .ARM.Collect$$$$00000000  mc_w.l(entry.o)
    0x00026200   0x00026200   0x00000004   Code   RO         5695    .ARM.Collect$$$$00000001  mc_w.l(entry2.o)
    0x00026204   0x00026204   0x00000004   Code   RO         5698    .ARM.Collect$$$$00000004  mc_w.l(entry5.o)
    0x00026208   0x00026208   0x00000000   Code   RO         5700    .ARM.Collect$$$$00000008  mc_w.l(entry7b.o)
    0x00026208   0x00026208   0x00000000   Code   RO         5702    .ARM.Collect$$$$0000000A  mc_w.l(entry8b.o)
    0x00026208   0x00026208   0x00000008   Code   RO         5703    .ARM.Collect$$$$0000000B  mc_w.l(entry9a.o)
    0x00026210   0x00026210   0x00000000   Code   RO         5705    .ARM.Collect$$$$0000000D  mc_w.l(entry10a.o)
    0x00026210   0x00026210   0x00000000   Code   RO         5707    .ARM.Collect$$$$0000000F  mc_w.l(entry11a.o)
    0x00026210   0x00026210   0x00000004   Code   RO         5696    .ARM.Collect$$$$00002712  mc_w.l(entry2.o)
    0x00026214   0x00026214   0x000000c8   Code   RO         3672    .emb_text           nrf_atfifo.o
    0x000262dc   0x000262dc   0x000000e2   Code   RO         3811    .emb_text           nrf_atomic.o
    0x000263be   0x000263be   0x00000002   PAD
    0x000263c0   0x000263c0   0x00000024   Code   RO         5344    .text               arm_startup_nrf52.o
    0x000263e4   0x000263e4   0x00000062   Code   RO         5387    .text               mc_w.l(uldiv.o)
    0x00026446   0x00026446   0x0000001e   Code   RO         5389    .text               mc_w.l(llshl.o)
    0x00026464   0x00026464   0x00000008   Code   RO         5391    .text               mc_w.l(ctype_o.o)
    0x0002646c   0x0002646c   0x00000024   Code   RO         5419    .text               mc_w.l(memcpya.o)
    0x00026490   0x00026490   0x00000024   Code   RO         5421    .text               mc_w.l(memseta.o)
    0x000264b4   0x000264b4   0x0000000e   Code   RO         5423    .text               mc_w.l(strlen.o)
    0x000264c2   0x000264c2   0x0000001c   Code   RO         5425    .text               mc_w.l(strcmp.o)
    0x000264de   0x000264de   0x00000012   Code   RO         5429    .text               mc_w.l(strcpy.o)
    0x000264f0   0x000264f0   0x0000001a   Code   RO         5693    .text               mc_w.l(atoi.o)
    0x0002650a   0x0002650a   0x00000020   Code   RO         5711    .text               mc_w.l(llushr.o)
    0x0002652a   0x0002652a   0x00000070   Code   RO         5720    .text               mc_w.l(strtol.o)
    0x0002659a   0x0002659a   0x00000002   PAD
    0x0002659c   0x0002659c   0x00000024   Code   RO         5733    .text               mc_w.l(init.o)
    0x000265c0   0x000265c0   0x0000009e   Code   RO         5737    .text               mc_w.l(_strtoul.o)
    0x0002665e   0x0002665e   0x0000001c   Code   RO         5741    .text               mc_w.l(_chval.o)
    0x0002667a   0x0002667a   0x00000056   Code   RO         5751    .text               mc_w.l(__dczerorl2.o)
    0x000266d0   0x000266d0   0x00000164   Code   RO         2340    i.GPIOTE_IRQHandler  nrfx_gpiote.o
    0x00026834   0x00026834   0x00000016   Code   RO         3303    i.NVIC_ClearPendingIRQ  app_timer.o
    0x0002684a   0x0002684a   0x00000016   Code   RO         3304    i.NVIC_EnableIRQ    app_timer.o
    0x00026860   0x00026860   0x00000016   Code   RO         3305    i.NVIC_SetPendingIRQ  app_timer.o
    0x00026876   0x00026876   0x00000020   Code   RO         3306    i.NVIC_SetPriority  app_timer.o
    0x00026896   0x00026896   0x00000002   PAD
    0x00026898   0x00026898   0x00000058   Code   RO         2215    i.POWER_CLOCK_IRQHandler  nrfx_clock.o
    0x000268f0   0x000268f0   0x00000024   Code   RO         3307    i.RTC1_IRQHandler   app_timer.o
    0x00026914   0x00026914   0x00000004   Code   RO         4882    i.SEGGER_RTT_Init   segger_rtt.o
    0x00026918   0x00026918   0x0000005c   Code   RO         4896    i.SEGGER_RTT_WriteNoLock  segger_rtt.o
    0x00026974   0x00026974   0x00000054   Code   RO          800    i.SPIM1_SPIS1_TWIM1_TWIS1_SPI1_TWI1_IRQHandler  nrfx_spim.o
    0x000269c8   0x000269c8   0x00000004   Code   RO         3308    i.SWI0_EGU0_IRQHandler  app_timer.o
    0x000269cc   0x000269cc   0x00000004   Code   RO         5130    i.SWI2_EGU2_IRQHandler  nrf_sdh.o
    0x000269d0   0x000269d0   0x00000004   Code   RO            4    i.SysTick_Handler   main.o
    0x000269d4   0x000269d4   0x0000003c   Code   RO          437    i.SysTick_Init      delay.o
    0x00026a10   0x00026a10   0x0000031c   Code   RO         5352    i.SystemInit        system_nrf52.o
    0x00026d2c   0x00026d2c   0x00000014   Code   RO          438    i.TimeTick_Decrement  delay.o
    0x00026d40   0x00026d40   0x0000000c   Code   RO         2639    i.UARTE0_UART0_IRQHandler  nrfx_prs.o
    0x00026d4c   0x00026d4c   0x00000068   Code   RO         4900    i._DoInit           segger_rtt.o
    0x00026db4   0x00026db4   0x00000016   Code   RO         4901    i._GetAvailWriteSpace  segger_rtt.o
    0x00026dca   0x00026dca   0x0000005a   Code   RO         4903    i._WriteBlocking    segger_rtt.o
    0x00026e24   0x00026e24   0x00000042   Code   RO         4904    i._WriteNoCheck     segger_rtt.o
    0x00026e66   0x00026e66   0x00000002   PAD
    0x00026e68   0x00026e68   0x00000010   Code   RO         5434    i.__0printf$bare    mc_w.l(printfb.o)
    0x00026e78   0x00026e78   0x00000008   Code   RO         5713    i.__aeabi_errno_addr  mc_w.l(errno.o)
    0x00026e80   0x00026e80   0x0000000e   Code   RO         5745    i.__scatterload_copy  mc_w.l(handlers.o)
    0x00026e8e   0x00026e8e   0x00000002   Code   RO         5746    i.__scatterload_null  mc_w.l(handlers.o)
    0x00026e90   0x00026e90   0x0000000e   Code   RO         5747    i.__scatterload_zeroinit  mc_w.l(handlers.o)
    0x00026e9e   0x00026e9e   0x00000002   PAD
    0x00026ea0   0x00026ea0   0x00000024   Code   RO         5131    i.__sd_nvic_app_accessible_irq  nrf_sdh.o
    0x00026ec4   0x00026ec4   0x00000016   Code   RO         5132    i.__sd_nvic_is_app_accessible_priority  nrf_sdh.o
    0x00026eda   0x00026eda   0x00000022   Code   RO         5441    i._printf_core      mc_w.l(printfb.o)
    0x00026efc   0x00026efc   0x00000036   Code   RO         1259    i.advertising_buttons_configure  bsp_btn_ble.o
    0x00026f32   0x00026f32   0x00000006   Code   RO         1142    i.alert_timer_handler  bsp.o
    0x00026f38   0x00026f38   0x0000003c   Code   RO          616    i.apa102_show       spi_apa102.o
    0x00026f74   0x00026f74   0x00000024   Code   RO         3022    i.app_button_enable  app_button.o
    0x00026f98   0x00026f98   0x00000078   Code   RO         3023    i.app_button_init   app_button.o
    0x00027010   0x00027010   0x0000007c   Code   RO         3142    i.app_error_fault_handler  app_error_weak.o
    0x0002708c   0x0002708c   0x00000016   Code   RO         3086    i.app_error_handler_bare  app_error.o
    0x000270a2   0x000270a2   0x00000016   Code   RO         3180    i.app_fifo_get      app_fifo.o
    0x000270b8   0x000270b8   0x00000020   Code   RO         3181    i.app_fifo_init     app_fifo.o
    0x000270d8   0x000270d8   0x0000001a   Code   RO         3183    i.app_fifo_put      app_fifo.o
    0x000270f2   0x000270f2   0x00000002   PAD
    0x000270f4   0x000270f4   0x00000028   Code   RO         3311    i.app_timer_create  app_timer.o
    0x0002711c   0x0002711c   0x00000054   Code   RO         3312    i.app_timer_init    app_timer.o
    0x00027170   0x00027170   0x00000088   Code   RO         3315    i.app_timer_start   app_timer.o
    0x000271f8   0x000271f8   0x00000020   Code   RO         3316    i.app_timer_stop    app_timer.o
    0x00027218   0x00027218   0x00000034   Code   RO         3478    i.app_uart_get      app_uart_fifo.o
    0x0002724c   0x0002724c   0x000000a4   Code   RO         3479    i.app_uart_init     app_uart_fifo.o
    0x000272f0   0x000272f0   0x00000054   Code   RO         3480    i.app_uart_put      app_uart_fifo.o
    0x00027344   0x00027344   0x00000048   Code   RO         3559    i.app_util_critical_region_enter  app_util_platform.o
    0x0002738c   0x0002738c   0x00000034   Code   RO         3560    i.app_util_critical_region_exit  app_util_platform.o
    0x000273c0   0x000273c0   0x00000088   Code   RO         2690    i.apply_config      nrfx_uart.o
    0x00027448   0x00027448   0x00000088   Code   RO         2872    i.apply_config      nrfx_uarte.o
    0x000274d0   0x000274d0   0x00000090   Code   RO          939    i.blap_checker      blap.o
    0x00027560   0x00027560   0x0000000e   Code   RO          940    i.blap_drgb         blap.o
    0x0002756e   0x0002756e   0x00000002   PAD
    0x00027570   0x00027570   0x00000028   Code   RO          941    i.blap_handler      blap.o
    0x00027598   0x00027598   0x0000009c   Code   RO          945    i.blap_text         blap.o
    0x00027634   0x00027634   0x00000048   Code   RO         1735    i.blcm_link_ctx_get  ble_link_ctx_manager.o
    0x0002767c   0x0002767c   0x00000182   Code   RO         1306    i.ble_advdata_encode  ble_advdata.o
    0x000277fe   0x000277fe   0x00000020   Code   RO         1308    i.ble_advdata_parse  ble_advdata.o
    0x0002781e   0x0002781e   0x00000038   Code   RO         1309    i.ble_advdata_search  ble_advdata.o
    0x00027856   0x00027856   0x00000006   Code   RO         1412    i.ble_advertising_conn_cfg_tag_set  ble_advertising.o
    0x0002785c   0x0002785c   0x000000fa   Code   RO         1413    i.ble_advertising_init  ble_advertising.o
    0x00027956   0x00027956   0x0000006a   Code   RO         1415    i.ble_advertising_on_ble_evt  ble_advertising.o
    0x000279c0   0x000279c0   0x00000030   Code   RO         1416    i.ble_advertising_on_sys_evt  ble_advertising.o
    0x000279f0   0x000279f0   0x0000003a   Code   RO         1418    i.ble_advertising_restart_without_whitelist  ble_advertising.o
    0x00027a2a   0x00027a2a   0x00000236   Code   RO         1419    i.ble_advertising_start  ble_advertising.o
    0x00027c60   0x00027c60   0x00000068   Code   RO         1503    i.ble_conn_params_init  ble_conn_params.o
    0x00027cc8   0x00027cc8   0x00000012   Code   RO         1578    i.ble_conn_state_conn_idx  ble_conn_state.o
    0x00027cda   0x00027cda   0x00000002   PAD
    0x00027cdc   0x00027cdc   0x00000014   Code   RO         1591    i.ble_conn_state_valid  ble_conn_state.o
    0x00027cf0   0x00027cf0   0x00000060   Code   RO         1312    i.ble_device_addr_encode  ble_advdata.o
    0x00027d50   0x00027d50   0x000000d0   Code   RO            6    i.ble_evt_handler   main.o
    0x00027e20   0x00027e20   0x00000070   Code   RO         1260    i.ble_evt_handler   bsp_btn_ble.o
    0x00027e90   0x00027e90   0x000000fc   Code   RO         1505    i.ble_evt_handler   ble_conn_params.o
    0x00027f8c   0x00027f8c   0x00000104   Code   RO         1592    i.ble_evt_handler   ble_conn_state.o
    0x00028090   0x00028090   0x00000066   Code   RO         1958    i.ble_nus_data_send  ble_nus.o
    0x000280f6   0x000280f6   0x00000002   PAD
    0x000280f8   0x000280f8   0x00000058   Code   RO         1959    i.ble_nus_init      ble_nus.o
    0x00028150   0x00028150   0x00000070   Code   RO         1960    i.ble_nus_on_ble_evt  ble_nus.o
    0x000281c0   0x000281c0   0x00000008   Code   RO         1761    i.ble_srv_is_notification_enabled  ble_srv_common.o
    0x000281c8   0x000281c8   0x0000000c   Code   RO         1039    i.bsp_board_button_idx_to_pin  boards.o
    0x000281d4   0x000281d4   0x00000020   Code   RO         1040    i.bsp_board_button_state_get  boards.o
    0x000281f4   0x000281f4   0x00000054   Code   RO         1041    i.bsp_board_init    boards.o
    0x00028248   0x00028248   0x00000024   Code   RO         1043    i.bsp_board_led_invert  boards.o
    0x0002826c   0x0002826c   0x00000010   Code   RO         1044    i.bsp_board_led_off  boards.o
    0x0002827c   0x0002827c   0x00000010   Code   RO         1045    i.bsp_board_led_on  boards.o
    0x0002828c   0x0002828c   0x00000020   Code   RO         1046    i.bsp_board_led_state_get  boards.o
    0x000282ac   0x000282ac   0x00000012   Code   RO         1047    i.bsp_board_leds_off  boards.o
    0x000282be   0x000282be   0x00000012   Code   RO         1048    i.bsp_board_leds_on  boards.o
    0x000282d0   0x000282d0   0x00000024   Code   RO         1049    i.bsp_board_pin_to_button_idx  boards.o
    0x000282f4   0x000282f4   0x00000038   Code   RO         1261    i.bsp_btn_ble_init  bsp_btn_ble.o
    0x0002832c   0x0002832c   0x0000001e   Code   RO         1262    i.bsp_btn_ble_sleep_mode_prepare  bsp_btn_ble.o
    0x0002834a   0x0002834a   0x00000002   PAD
    0x0002834c   0x0002834c   0x00000090   Code   RO         1143    i.bsp_button_event_handler  bsp.o
    0x000283dc   0x000283dc   0x0000000c   Code   RO         1144    i.bsp_button_is_pressed  bsp.o
    0x000283e8   0x000283e8   0x0000004c   Code   RO            7    i.bsp_event_handler  main.o
    0x00028434   0x00028434   0x00000044   Code   RO         1147    i.bsp_event_to_button_action_assign  bsp.o
    0x00028478   0x00028478   0x00000018   Code   RO         1148    i.bsp_indication_set  bsp.o
    0x00028490   0x00028490   0x00000094   Code   RO         1149    i.bsp_init          bsp.o
    0x00028524   0x00028524   0x000001b8   Code   RO         1150    i.bsp_led_indication  bsp.o
    0x000286dc   0x000286dc   0x00000006   Code   RO         1152    i.bsp_wakeup_button_enable  bsp.o
    0x000286e2   0x000286e2   0x00000002   PAD
    0x000286e4   0x000286e4   0x00000090   Code   RO         4639    i.buf_prealloc      nrf_log_frontend.o
    0x00028774   0x00028774   0x0000001e   Code   RO         4023    i.buffer_add        nrf_fprintf_format.o
    0x00028792   0x00028792   0x00000002   PAD
    0x00028794   0x00028794   0x00000014   Code   RO         4640    i.buffer_is_empty   nrf_log_frontend.o
    0x000287a8   0x000287a8   0x00000008   Code   RO         1153    i.button_timer_handler  bsp.o
    0x000287b0   0x000287b0   0x0000001c   Code   RO         2341    i.channel_free      nrfx_gpiote.o
    0x000287cc   0x000287cc   0x00000048   Code   RO         2342    i.channel_port_alloc  nrfx_gpiote.o
    0x00028814   0x00028814   0x00000010   Code   RO         2343    i.channel_port_get  nrfx_gpiote.o
    0x00028824   0x00028824   0x0000003c   Code   RO         1018    i.char_to_index     font.o
    0x00028860   0x00028860   0x00000028   Code   RO         2020    i.clock_clk_started_notify  nrf_drv_clock.o
    0x00028888   0x00028888   0x0000001c   Code   RO         2021    i.clock_irq_handler  nrf_drv_clock.o
    0x000288a4   0x000288a4   0x000000ac   Code   RO         3318    i.compare_reg_update  app_timer.o
    0x00028950   0x00028950   0x0000003e   Code   RO         1593    i.conn_handle_list_get  ble_conn_state.o
    0x0002898e   0x0002898e   0x00000088   Code   RO         1313    i.conn_int_encode   ble_advdata.o
    0x00028a16   0x00028a16   0x00000004   Code   RO            8    i.conn_params_error_handler  main.o
    0x00028a1a   0x00028a1a   0x00000002   PAD
    0x00028a1c   0x00028a1c   0x00000048   Code   RO         1506    i.conn_params_negotiation  ble_conn_params.o
    0x00028a64   0x00028a64   0x000000bc   Code   RO         1818    i.data_length_update  nrf_ble_gatt.o
    0x00028b20   0x00028b20   0x00000010   Code   RO          439    i.delay_nms         delay.o
    0x00028b30   0x00028b30   0x00000098   Code   RO         3025    i.detection_delay_timeout_handler  app_button.o
    0x00028bc8   0x00028bc8   0x00000014   Code   RO         4642    i.dropped_sat16_get  nrf_log_frontend.o
    0x00028bdc   0x00028bdc   0x00000040   Code   RO         3319    i.elapsed_ticks_acquire  app_timer.o
    0x00028c1c   0x00028c1c   0x00000054   Code   RO         4148    i.event_send        nrf_fstorage_sd.o
    0x00028c70   0x00028c70   0x00000014   Code   RO         3186    i.fifo_get          app_fifo.o
    0x00028c84   0x00028c84   0x00000012   Code   RO         3187    i.fifo_put          app_fifo.o
    0x00028c96   0x00028c96   0x00000028   Code   RO         1421    i.flags_set         ble_advertising.o
    0x00028cbe   0x00028cbe   0x0000000e   Code   RO         4466    i.fputc             retarget.o
    0x00028ccc   0x00028ccc   0x00000054   Code   RO            9    i.gatt_evt_handler  main.o
    0x00028d20   0x00028d20   0x00000030   Code   RO           10    i.gatt_init         main.o
    0x00028d50   0x00028d50   0x00000084   Code   RO         3026    i.gpiote_event_handler  app_button.o
    0x00028dd4   0x00028dd4   0x00000044   Code   RO          618    i.init_buff         spi_apa102.o
    0x00028e18   0x00028e18   0x00000014   Code   RO         1507    i.instance_get      ble_conn_params.o
    0x00028e2c   0x00028e2c   0x000000a6   Code   RO         4024    i.int_print         nrf_fprintf_format.o
    0x00028ed2   0x00028ed2   0x00000002   PAD
    0x00028ed4   0x00028ed4   0x00000080   Code   RO         2873    i.interrupts_enable  nrfx_uarte.o
    0x00028f54   0x00028f54   0x0000004c   Code   RO         4643    i.invalid_packets_pushed_str_omit  nrf_log_frontend.o
    0x00028fa0   0x00028fa0   0x00000044   Code   RO         1508    i.is_conn_params_ok  ble_conn_params.o
    0x00028fe4   0x00028fe4   0x0000016c   Code   RO          502    i.led_mode_checker  led_mode_handler.o
    0x00029150   0x00029150   0x00000154   Code   RO          503    i.led_mode_handler  led_mode_handler.o
    0x000292a4   0x000292a4   0x00000010   Code   RO          504    i.led_mode_init     led_mode_handler.o
    0x000292b4   0x000292b4   0x00000030   Code   RO         1154    i.leds_off          bsp.o
    0x000292e4   0x000292e4   0x00000014   Code   RO         1155    i.leds_timer_handler  bsp.o
    0x000292f8   0x000292f8   0x00000018   Code   RO         1819    i.link_init         nrf_ble_gatt.o
    0x00029310   0x00029310   0x000000f8   Code   RO         3320    i.list_insertions_handler  app_timer.o
    0x00029408   0x00029408   0x0000009c   Code   RO         4644    i.log_skip          nrf_log_frontend.o
    0x000294a4   0x000294a4   0x0000025c   Code   RO           11    i.main              main.o
    0x00029700   0x00029700   0x00000064   Code   RO         1314    i.manuf_specific_data_encode  ble_advdata.o
    0x00029764   0x00029764   0x00000076   Code   RO         4262    i.memobj_op         nrf_memobj.o
    0x000297da   0x000297da   0x00000002   PAD
    0x000297dc   0x000297dc   0x00000030   Code   RO         4645    i.module_idx_get    nrf_log_frontend.o
    0x0002980c   0x0002980c   0x0000009c   Code   RO         1315    i.name_encode       ble_advdata.o
    0x000298a8   0x000298a8   0x00000016   Code   RO         3678    i.nrf_atfifo_item_free  nrf_atfifo.o
    0x000298be   0x000298be   0x00000016   Code   RO         3679    i.nrf_atfifo_item_get  nrf_atfifo.o
    0x000298d4   0x000298d4   0x00000016   Code   RO         3745    i.nrf_atflags_clear  nrf_atflags.o
    0x000298ea   0x000298ea   0x00000016   Code   RO         3750    i.nrf_atflags_get   nrf_atflags.o
    0x00029900   0x00029900   0x00000014   Code   RO         3752    i.nrf_atflags_set   nrf_atflags.o
    0x00029914   0x00029914   0x00000006   Code   RO         3813    i.nrf_atomic_flag_clear_fetch  nrf_atomic.o
    0x0002991a   0x0002991a   0x00000006   Code   RO         3814    i.nrf_atomic_flag_set  nrf_atomic.o
    0x00029920   0x00029920   0x0000000c   Code   RO         3816    i.nrf_atomic_u32_add  nrf_atomic.o
    0x0002992c   0x0002992c   0x0000000c   Code   RO         3817    i.nrf_atomic_u32_and  nrf_atomic.o
    0x00029938   0x00029938   0x0000000a   Code   RO         3820    i.nrf_atomic_u32_fetch_and  nrf_atomic.o
    0x00029942   0x00029942   0x0000000a   Code   RO         3822    i.nrf_atomic_u32_fetch_store  nrf_atomic.o
    0x0002994c   0x0002994c   0x0000000c   Code   RO         3826    i.nrf_atomic_u32_or  nrf_atomic.o
    0x00029958   0x00029958   0x0000000c   Code   RO         3828    i.nrf_atomic_u32_sub  nrf_atomic.o
    0x00029964   0x00029964   0x00000044   Code   RO         3947    i.nrf_balloc_alloc  nrf_balloc.o
    0x000299a8   0x000299a8   0x00000030   Code   RO         3948    i.nrf_balloc_free   nrf_balloc.o
    0x000299d8   0x000299d8   0x00000030   Code   RO         3949    i.nrf_balloc_init   nrf_balloc.o
    0x00029a08   0x00029a08   0x00000010   Code   RO         2344    i.nrf_bitmask_bit_is_set  nrfx_gpiote.o
    0x00029a18   0x00029a18   0x00000014   Code   RO         2345    i.nrf_bitmask_bit_set  nrfx_gpiote.o
    0x00029a2c   0x00029a2c   0x00000018   Code   RO         1821    i.nrf_ble_gatt_att_mtu_periph_set  nrf_ble_gatt.o
    0x00029a44   0x00029a44   0x00000022   Code   RO         1825    i.nrf_ble_gatt_init  nrf_ble_gatt.o
    0x00029a66   0x00029a66   0x00000002   PAD
    0x00029a68   0x00029a68   0x00000148   Code   RO         1826    i.nrf_ble_gatt_on_ble_evt  nrf_ble_gatt.o
    0x00029bb0   0x00029bb0   0x00000016   Code   RO         1917    i.nrf_ble_qwr_conn_handle_assign  nrf_ble_qwr.o
    0x00029bc6   0x00029bc6   0x00000024   Code   RO         1918    i.nrf_ble_qwr_init  nrf_ble_qwr.o
    0x00029bea   0x00029bea   0x000000b6   Code   RO         1919    i.nrf_ble_qwr_on_ble_evt  nrf_ble_qwr.o
    0x00029ca0   0x00029ca0   0x0000000e   Code   RO         2216    i.nrf_clock_event_check  nrfx_clock.o
    0x00029cae   0x00029cae   0x00000010   Code   RO         2217    i.nrf_clock_event_clear  nrfx_clock.o
    0x00029cbe   0x00029cbe   0x00000002   PAD
    0x00029cc0   0x00029cc0   0x00000038   Code   RO         2028    i.nrf_drv_clock_init  nrf_drv_clock.o
    0x00029cf8   0x00029cf8   0x00000030   Code   RO         2032    i.nrf_drv_clock_lfclk_release  nrf_drv_clock.o
    0x00029d28   0x00029d28   0x00000070   Code   RO          749    i.nrf_drv_spi_init  nrf_drv_spi.o
    0x00029d98   0x00029d98   0x00000068   Code   RO         2163    i.nrf_drv_uart_init  nrf_drv_uart.o
    0x00029e00   0x00029e00   0x00000020   Code   RO         3481    i.nrf_drv_uart_rx   app_uart_fifo.o
    0x00029e20   0x00029e20   0x00000020   Code   RO         3482    i.nrf_drv_uart_tx   app_uart_fifo.o
    0x00029e40   0x00029e40   0x0000001a   Code   RO         3984    i.nrf_fprintf       nrf_fprintf.o
    0x00029e5a   0x00029e5a   0x00000018   Code   RO         3985    i.nrf_fprintf_buffer_flush  nrf_fprintf.o
    0x00029e72   0x00029e72   0x000001da   Code   RO         4025    i.nrf_fprintf_fmt   nrf_fprintf_format.o
    0x0002a04c   0x0002a04c   0x00000050   Code   RO         4067    i.nrf_fstorage_is_busy  nrf_fstorage.o
    0x0002a09c   0x0002a09c   0x00000018   Code   RO         4151    i.nrf_fstorage_sdh_req_handler  nrf_fstorage_sd.o
    0x0002a0b4   0x0002a0b4   0x00000020   Code   RO         4152    i.nrf_fstorage_sdh_state_handler  nrf_fstorage_sd.o
    0x0002a0d4   0x0002a0d4   0x000000a4   Code   RO         4153    i.nrf_fstorage_sys_evt_handler  nrf_fstorage_sd.o
    0x0002a178   0x0002a178   0x00000024   Code   RO          801    i.nrf_gpio_cfg      nrfx_spim.o
    0x0002a19c   0x0002a19c   0x00000024   Code   RO         1051    i.nrf_gpio_cfg      boards.o
    0x0002a1c0   0x0002a1c0   0x00000024   Code   RO         2346    i.nrf_gpio_cfg      nrfx_gpiote.o
    0x0002a1e4   0x0002a1e4   0x00000024   Code   RO         2691    i.nrf_gpio_cfg      nrfx_uart.o
    0x0002a208   0x0002a208   0x00000024   Code   RO         2874    i.nrf_gpio_cfg      nrfx_uarte.o
    0x0002a22c   0x0002a22c   0x00000012   Code   RO         2693    i.nrf_gpio_cfg_input  nrfx_uart.o
    0x0002a23e   0x0002a23e   0x00000012   Code   RO         2876    i.nrf_gpio_cfg_input  nrfx_uarte.o
    0x0002a250   0x0002a250   0x00000014   Code   RO          802    i.nrf_gpio_cfg_output  nrfx_spim.o
    0x0002a264   0x0002a264   0x00000014   Code   RO         2694    i.nrf_gpio_cfg_output  nrfx_uart.o
    0x0002a278   0x0002a278   0x00000014   Code   RO         2877    i.nrf_gpio_cfg_output  nrfx_uarte.o
    0x0002a28c   0x0002a28c   0x00000022   Code   RO         2348    i.nrf_gpio_cfg_sense_set  nrfx_gpiote.o
    0x0002a2ae   0x0002a2ae   0x0000000e   Code   RO          803    i.nrf_gpio_pin_clear  nrfx_spim.o
    0x0002a2bc   0x0002a2bc   0x0000000e   Code   RO          804    i.nrf_gpio_pin_set  nrfx_spim.o
    0x0002a2ca   0x0002a2ca   0x00000016   Code   RO          505    i.nrf_gpio_pin_write  led_mode_handler.o
    0x0002a2e0   0x0002a2e0   0x00000016   Code   RO         1052    i.nrf_gpio_pin_write  boards.o
    0x0002a2f6   0x0002a2f6   0x00000002   PAD
    0x0002a2f8   0x0002a2f8   0x00000028   Code   RO         2349    i.nrf_gpio_ports_read  nrfx_gpiote.o
    0x0002a320   0x0002a320   0x00000014   Code   RO         2350    i.nrf_gpiote_event_clear  nrfx_gpiote.o
    0x0002a334   0x0002a334   0x00000010   Code   RO         2351    i.nrf_gpiote_event_is_set  nrfx_gpiote.o
    0x0002a344   0x0002a344   0x00000050   Code   RO         4646    i.nrf_log_backend_add  nrf_log_frontend.o
    0x0002a394   0x0002a394   0x00000002   Code   RO         4503    i.nrf_log_backend_rtt_flush  nrf_log_backend_rtt.o
    0x0002a396   0x0002a396   0x00000004   Code   RO         4504    i.nrf_log_backend_rtt_init  nrf_log_backend_rtt.o
    0x0002a39a   0x0002a39a   0x00000002   Code   RO         4505    i.nrf_log_backend_rtt_panic_set  nrf_log_backend_rtt.o
    0x0002a39c   0x0002a39c   0x00000018   Code   RO         4506    i.nrf_log_backend_rtt_put  nrf_log_backend_rtt.o
    0x0002a3b4   0x0002a3b4   0x000000c8   Code   RO         4572    i.nrf_log_backend_serial_put  nrf_log_backend_serial.o
    0x0002a47c   0x0002a47c   0x00000030   Code   RO         4648    i.nrf_log_color_id_get  nrf_log_frontend.o
    0x0002a4ac   0x0002a4ac   0x0000001c   Code   RO         4606    i.nrf_log_default_backends_init  nrf_log_default_backends.o
    0x0002a4c8   0x0002a4c8   0x00000220   Code   RO         4649    i.nrf_log_frontend_dequeue  nrf_log_frontend.o
    0x0002a6e8   0x0002a6e8   0x00000008   Code   RO         4651    i.nrf_log_frontend_std_0  nrf_log_frontend.o
    0x0002a6f0   0x0002a6f0   0x0000000e   Code   RO         4652    i.nrf_log_frontend_std_1  nrf_log_frontend.o
    0x0002a6fe   0x0002a6fe   0x00000010   Code   RO         4653    i.nrf_log_frontend_std_2  nrf_log_frontend.o
    0x0002a70e   0x0002a70e   0x00000002   PAD
    0x0002a710   0x0002a710   0x000000ac   Code   RO         4826    i.nrf_log_hexdump_entry_process  nrf_log_str_formatter.o
    0x0002a7bc   0x0002a7bc   0x00000058   Code   RO         4658    i.nrf_log_init      nrf_log_frontend.o
    0x0002a814   0x0002a814   0x00000014   Code   RO         4659    i.nrf_log_module_cnt_get  nrf_log_frontend.o
    0x0002a828   0x0002a828   0x0000001c   Code   RO         4662    i.nrf_log_module_name_get  nrf_log_frontend.o
    0x0002a844   0x0002a844   0x00000028   Code   RO         4663    i.nrf_log_panic     nrf_log_frontend.o
    0x0002a86c   0x0002a86c   0x000000b6   Code   RO         4827    i.nrf_log_std_entry_process  nrf_log_str_formatter.o
    0x0002a922   0x0002a922   0x00000060   Code   RO         4263    i.nrf_memobj_alloc  nrf_memobj.o
    0x0002a982   0x0002a982   0x00000032   Code   RO         4264    i.nrf_memobj_free   nrf_memobj.o
    0x0002a9b4   0x0002a9b4   0x00000008   Code   RO         4265    i.nrf_memobj_get    nrf_memobj.o
    0x0002a9bc   0x0002a9bc   0x00000004   Code   RO         4266    i.nrf_memobj_pool_init  nrf_memobj.o
    0x0002a9c0   0x0002a9c0   0x0000001e   Code   RO         4267    i.nrf_memobj_put    nrf_memobj.o
    0x0002a9de   0x0002a9de   0x0000000c   Code   RO         4268    i.nrf_memobj_read   nrf_memobj.o
    0x0002a9ea   0x0002a9ea   0x0000000c   Code   RO         4269    i.nrf_memobj_write  nrf_memobj.o
    0x0002a9f6   0x0002a9f6   0x00000002   PAD
    0x0002a9f8   0x0002a9f8   0x00000028   Code   RO         4328    i.nrf_pwr_mgmt_init  nrf_pwr_mgmt.o
    0x0002aa20   0x0002aa20   0x00000044   Code   RO         4329    i.nrf_pwr_mgmt_run  nrf_pwr_mgmt.o
    0x0002aa64   0x0002aa64   0x00000004   Code   RO           12    i.nrf_qwr_error_handler  main.o
    0x0002aa68   0x0002aa68   0x00000014   Code   RO         5261    i.nrf_sdh_ble_app_ram_start_get  nrf_sdh_ble.o
    0x0002aa7c   0x0002aa7c   0x00000154   Code   RO         5262    i.nrf_sdh_ble_default_cfg_set  nrf_sdh_ble.o
    0x0002abd0   0x0002abd0   0x0000012c   Code   RO         5263    i.nrf_sdh_ble_enable  nrf_sdh_ble.o
    0x0002acfc   0x0002acfc   0x00000060   Code   RO         5264    i.nrf_sdh_ble_evts_poll  nrf_sdh_ble.o
    0x0002ad5c   0x0002ad5c   0x00000054   Code   RO         5133    i.nrf_sdh_disable_request  nrf_sdh.o
    0x0002adb0   0x0002adb0   0x00000090   Code   RO         5134    i.nrf_sdh_enable_request  nrf_sdh.o
    0x0002ae40   0x0002ae40   0x00000024   Code   RO         5135    i.nrf_sdh_evts_poll  nrf_sdh.o
    0x0002ae64   0x0002ae64   0x0000000c   Code   RO         5136    i.nrf_sdh_is_enabled  nrf_sdh.o
    0x0002ae70   0x0002ae70   0x0000001c   Code   RO         5138    i.nrf_sdh_request_continue  nrf_sdh.o
    0x0002ae8c   0x0002ae8c   0x0000003c   Code   RO         5312    i.nrf_sdh_soc_evts_poll  nrf_sdh_soc.o
    0x0002aec8   0x0002aec8   0x0000000a   Code   RO         4397    i.nrf_section_iter_init  nrf_section_iter.o
    0x0002aed2   0x0002aed2   0x00000024   Code   RO         4398    i.nrf_section_iter_item_set  nrf_section_iter.o
    0x0002aef6   0x0002aef6   0x00000020   Code   RO         4399    i.nrf_section_iter_next  nrf_section_iter.o
    0x0002af16   0x0002af16   0x0000000a   Code   RO          805    i.nrf_spim_event_check  nrfx_spim.o
    0x0002af20   0x0002af20   0x00000038   Code   RO         4432    i.nrf_strerror_find  nrf_strerror.o
    0x0002af58   0x0002af58   0x00000014   Code   RO         4433    i.nrf_strerror_get  nrf_strerror.o
    0x0002af6c   0x0002af6c   0x0000000a   Code   RO         2695    i.nrf_uart_event_check  nrfx_uart.o
    0x0002af76   0x0002af76   0x0000000c   Code   RO         2696    i.nrf_uart_event_clear  nrfx_uart.o
    0x0002af82   0x0002af82   0x0000000c   Code   RO         2697    i.nrf_uart_int_enable_check  nrfx_uart.o
    0x0002af8e   0x0002af8e   0x0000000a   Code   RO         2878    i.nrf_uarte_event_check  nrfx_uarte.o
    0x0002af98   0x0002af98   0x0000000c   Code   RO         2879    i.nrf_uarte_event_clear  nrfx_uarte.o
    0x0002afa4   0x0002afa4   0x0000002c   Code   RO         2222    i.nrfx_clock_enable  nrfx_clock.o
    0x0002afd0   0x0002afd0   0x00000020   Code   RO         2225    i.nrfx_clock_init   nrfx_clock.o
    0x0002aff0   0x0002aff0   0x0000001c   Code   RO         2228    i.nrfx_clock_lfclk_stop  nrfx_clock.o
    0x0002b00c   0x0002b00c   0x00000010   Code   RO         3321    i.nrfx_coredep_delay_us  app_timer.o
    0x0002b01c   0x0002b01c   0x000000a4   Code   RO         2356    i.nrfx_gpiote_in_event_enable  nrfx_gpiote.o
    0x0002b0c0   0x0002b0c0   0x000000d0   Code   RO         2357    i.nrfx_gpiote_in_init  nrfx_gpiote.o
    0x0002b190   0x0002b190   0x00000014   Code   RO         2358    i.nrfx_gpiote_in_is_set  nrfx_gpiote.o
    0x0002b1a4   0x0002b1a4   0x00000070   Code   RO         2360    i.nrfx_gpiote_init  nrfx_gpiote.o
    0x0002b214   0x0002b214   0x00000014   Code   RO         2361    i.nrfx_gpiote_is_init  nrfx_gpiote.o
    0x0002b228   0x0002b228   0x00000010   Code   RO          806    i.nrfx_is_in_ram    nrfx_spim.o
    0x0002b238   0x0002b238   0x00000010   Code   RO         2880    i.nrfx_is_in_ram    nrfx_uarte.o
    0x0002b248   0x0002b248   0x0000003a   Code   RO         2640    i.nrfx_prs_acquire  nrfx_prs.o
    0x0002b282   0x0002b282   0x00000002   PAD
    0x0002b284   0x0002b284   0x00000190   Code   RO          809    i.nrfx_spim_init    nrfx_spim.o
    0x0002b414   0x0002b414   0x00000064   Code   RO          812    i.nrfx_spim_xfer    nrfx_spim.o
    0x0002b478   0x0002b478   0x00000010   Code   RO         2698    i.nrfx_uart_0_irq_handler  nrfx_uart.o
    0x0002b488   0x0002b488   0x000000d4   Code   RO         2700    i.nrfx_uart_init    nrfx_uart.o
    0x0002b55c   0x0002b55c   0x000000ec   Code   RO         2701    i.nrfx_uart_rx      nrfx_uart.o
    0x0002b648   0x0002b648   0x000000a4   Code   RO         2706    i.nrfx_uart_tx      nrfx_uart.o
    0x0002b6ec   0x0002b6ec   0x00000020   Code   RO         2708    i.nrfx_uart_tx_in_progress  nrfx_uart.o
    0x0002b70c   0x0002b70c   0x00000010   Code   RO         2881    i.nrfx_uarte_0_irq_handler  nrfx_uarte.o
    0x0002b71c   0x0002b71c   0x0000006c   Code   RO         2883    i.nrfx_uarte_init   nrfx_uarte.o
    0x0002b788   0x0002b788   0x00000104   Code   RO         2884    i.nrfx_uarte_rx     nrfx_uarte.o
    0x0002b88c   0x0002b88c   0x00000090   Code   RO         2887    i.nrfx_uarte_tx     nrfx_uarte.o
    0x0002b91c   0x0002b91c   0x0000001c   Code   RO         2889    i.nrfx_uarte_tx_in_progress  nrfx_uarte.o
    0x0002b938   0x0002b938   0x00000108   Code   RO           13    i.nus_data_handler  main.o
    0x0002ba40   0x0002ba40   0x00000024   Code   RO           14    i.on_adv_evt        main.o
    0x0002ba64   0x0002ba64   0x0000001c   Code   RO           15    i.on_conn_params_evt  main.o
    0x0002ba80   0x0002ba80   0x0000006a   Code   RO         1961    i.on_connect        ble_nus.o
    0x0002baea   0x0002baea   0x00000002   PAD
    0x0002baec   0x0002baec   0x000000a0   Code   RO         1827    i.on_connected_evt  nrf_ble_gatt.o
    0x0002bb8c   0x0002bb8c   0x000000a4   Code   RO         1828    i.on_exchange_mtu_request_evt  nrf_ble_gatt.o
    0x0002bc30   0x0002bc30   0x00000084   Code   RO         1962    i.on_write          ble_nus.o
    0x0002bcb4   0x0002bcb4   0x00000012   Code   RO         1422    i.phy_is_valid      ble_advertising.o
    0x0002bcc6   0x0002bcc6   0x00000002   PAD
    0x0002bcc8   0x0002bcc8   0x00000018   Code   RO         2377    i.pin_in_use_by_port  nrfx_gpiote.o
    0x0002bce0   0x0002bce0   0x00000018   Code   RO         2378    i.pin_in_use_by_te  nrfx_gpiote.o
    0x0002bcf8   0x0002bcf8   0x0000003c   Code   RO         4829    i.postfix_process   nrf_log_str_formatter.o
    0x0002bd34   0x0002bd34   0x00000098   Code   RO         4830    i.prefix_process    nrf_log_str_formatter.o
    0x0002bdcc   0x0002bdcc   0x00000018   Code   RO         2642    i.prs_box_get       nrfx_prs.o
    0x0002bde4   0x0002bde4   0x00000014   Code   RO         4154    i.queue_free        nrf_fstorage_sd.o
    0x0002bdf8   0x0002bdf8   0x000000a0   Code   RO         4155    i.queue_process     nrf_fstorage_sd.o
    0x0002be98   0x0002be98   0x0000003c   Code   RO         3322    i.rtc1_stop         app_timer.o
    0x0002bed4   0x0002bed4   0x00000032   Code   RO         2710    i.rx_byte           nrfx_uart.o
    0x0002bf06   0x0002bf06   0x000000a2   Code   RO         1963    i.rx_char_add       ble_nus.o
    0x0002bfa8   0x0002bfa8   0x00000016   Code   RO         2711    i.rx_done_event     nrfx_uart.o
    0x0002bfbe   0x0002bfbe   0x00000018   Code   RO         2891    i.rx_done_event     nrfx_uarte.o
    0x0002bfd6   0x0002bfd6   0x00000020   Code   RO         2712    i.rx_enable         nrfx_uart.o
    0x0002bff6   0x0002bff6   0x00000042   Code   RO         5141    i.sd_nvic_SetPriority  nrf_sdh.o
    0x0002c038   0x0002c038   0x00000050   Code   RO         2035    i.sd_state_evt_handler  nrf_drv_clock.o
    0x0002c088   0x0002c088   0x00000030   Code   RO         5142    i.sdh_request_observer_notify  nrf_sdh.o
    0x0002c0b8   0x0002c0b8   0x0000002c   Code   RO         5143    i.sdh_state_observer_notify  nrf_sdh.o
    0x0002c0e4   0x0002c0e4   0x00000010   Code   RO         1509    i.send_error_evt    ble_conn_params.o
    0x0002c0f4   0x0002c0f4   0x00000074   Code   RO          588    i.send_uart         send_uart.o
    0x0002c168   0x0002c168   0x00000050   Code   RO         4507    i.serial_tx         nrf_log_backend_rtt.o
    0x0002c1b8   0x0002c1b8   0x00000088   Code   RO         1316    i.service_data_encode  ble_advdata.o
    0x0002c240   0x0002c240   0x00000020   Code   RO          619    i.set_full_color    spi_apa102.o
    0x0002c260   0x0002c260   0x00000034   Code   RO          620    i.set_grid_color    spi_apa102.o
    0x0002c294   0x0002c294   0x0000003c   Code   RO          621    i.set_grid_single_color  spi_apa102.o
    0x0002c2d0   0x0002c2d0   0x00000064   Code   RO          622    i.set_grid_text_color  spi_apa102.o
    0x0002c334   0x0002c334   0x00000014   Code   RO          623    i.set_pixel_color   spi_apa102.o
    0x0002c348   0x0002c348   0x00000028   Code   RO           16    i.sleep_mode_enter  main.o
    0x0002c370   0x0002c370   0x00000018   Code   RO         2036    i.soc_evt_handler   nrf_drv_clock.o
    0x0002c388   0x0002c388   0x00000038   Code   RO         5144    i.softdevice_evt_irq_disable  nrf_sdh.o
    0x0002c3c0   0x0002c3c0   0x00000050   Code   RO         5145    i.softdevices_evt_irq_enable  nrf_sdh.o
    0x0002c410   0x0002c410   0x0000003c   Code   RO          624    i.spi_apa102_init   spi_apa102.o
    0x0002c44c   0x0002c44c   0x0000000c   Code   RO          625    i.spi_event_handler  spi_apa102.o
    0x0002c458   0x0002c458   0x0000002c   Code   RO          626    i.spi_send          spi_apa102.o
    0x0002c484   0x0002c484   0x00000038   Code   RO          750    i.spim_evt_handler  nrf_drv_spi.o
    0x0002c4bc   0x0002c4bc   0x000000bc   Code   RO          813    i.spim_xfer         nrfx_spim.o
    0x0002c578   0x0002c578   0x0000008c   Code   RO         4665    i.std_n             nrf_log_frontend.o
    0x0002c604   0x0002c604   0x00000080   Code   RO         3323    i.timer_list_handler  app_timer.o
    0x0002c684   0x0002c684   0x0000003c   Code   RO         3324    i.timer_list_insert  app_timer.o
    0x0002c6c0   0x0002c6c0   0x00000060   Code   RO         3325    i.timer_list_remove  app_timer.o
    0x0002c720   0x0002c720   0x00000048   Code   RO         3326    i.timer_stop_op_schedule  app_timer.o
    0x0002c768   0x0002c768   0x00000074   Code   RO         3327    i.timer_timeouts_check  app_timer.o
    0x0002c7dc   0x0002c7dc   0x00000020   Code   RO         2713    i.tx_byte           nrfx_uart.o
    0x0002c7fc   0x0002c7fc   0x000000da   Code   RO         1964    i.tx_char_add       ble_nus.o
    0x0002c8d6   0x0002c8d6   0x0000001a   Code   RO         2714    i.tx_done_event     nrfx_uart.o
    0x0002c8f0   0x0002c8f0   0x00000070   Code   RO           17    i.uart_event_handle  main.o
    0x0002c960   0x0002c960   0x000000a0   Code   RO         3483    i.uart_event_handler  app_uart_fifo.o
    0x0002ca00   0x0002ca00   0x00000030   Code   RO         2164    i.uart_evt_handler  nrf_drv_uart.o
    0x0002ca30   0x0002ca30   0x00000128   Code   RO         2715    i.uart_irq_handler  nrfx_uart.o
    0x0002cb58   0x0002cb58   0x00000030   Code   RO         2165    i.uarte_evt_handler  nrf_drv_uart.o
    0x0002cb88   0x0002cb88   0x000000f4   Code   RO         2892    i.uarte_irq_handler  nrfx_uarte.o
    0x0002cc7c   0x0002cc7c   0x0000000a   Code   RO         1317    i.uint16_encode     ble_advdata.o
    0x0002cc86   0x0002cc86   0x00000002   PAD
    0x0002cc88   0x0002cc88   0x000000b4   Code   RO         4026    i.unsigned_print    nrf_fprintf_format.o
    0x0002cd3c   0x0002cd3c   0x00000068   Code   RO         1510    i.update_timeout_handler  ble_conn_params.o
    0x0002cda4   0x0002cda4   0x00000018   Code   RO         1423    i.use_whitelist     ble_advertising.o
    0x0002cdbc   0x0002cdbc   0x00000024   Code   RO         1920    i.user_mem_reply    nrf_ble_qwr.o
    0x0002cde0   0x0002cde0   0x00000030   Code   RO         3328    i.user_op_alloc     app_timer.o
    0x0002ce10   0x0002ce10   0x00000030   Code   RO         1318    i.uuid_list_encode  ble_advdata.o
    0x0002ce40   0x0002ce40   0x0000009e   Code   RO         1319    i.uuid_list_sized_encode  ble_advdata.o
    0x0002cede   0x0002cede   0x0000003a   Code   RO         1156    i.wakeup_button_cfg  bsp.o
    0x0002cf18   0x0002cf18   0x00000018   Data   RO           19    .constdata          main.o
    0x0002cf30   0x0002cf30   0x00000020   Data   RO          630    .constdata          spi_apa102.o
    0x0002cf50   0x0002cf50   0x00000010   Data   RO          752    .constdata          nrf_drv_spi.o
    0x0002cf60   0x0002cf60   0x00000004   Data   RO          816    .constdata          nrfx_spim.o
    0x0002cf64   0x0002cf64   0x00000008   Data   RO         1053    .constdata          boards.o
    0x0002cf6c   0x0002cf6c   0x0000002c   Data   RO         1161    .constdata          bsp.o
    0x0002cf98   0x0002cf98   0x00000016   Data   RO         1829    .constdata          nrf_ble_gatt.o
    0x0002cfae   0x0002cfae   0x00000002   PAD
    0x0002cfb0   0x0002cfb0   0x00000010   Data   RO         1965    .constdata          ble_nus.o
    0x0002cfc0   0x0002cfc0   0x00000004   Data   RO         2380    .constdata          nrfx_gpiote.o
    0x0002cfc4   0x0002cfc4   0x00000004   Data   RO         2718    .constdata          nrfx_uart.o
    0x0002cfc8   0x0002cfc8   0x00000004   Data   RO         2895    .constdata          nrfx_uarte.o
    0x0002cfcc   0x0002cfcc   0x00000008   Data   RO         3028    .constdata          app_button.o
    0x0002cfd4   0x0002cfd4   0x0000000c   PAD
    0x0002cfe0   0x0002cfe0   0x00000006   Data   RO         3330    .constdata          app_timer.o
    0x0002cfe6   0x0002cfe6   0x00000002   PAD
    0x0002cfe8   0x0002cfe8   0x00000020   Data   RO         3485    .constdata          app_uart_fifo.o
    0x0002d008   0x0002d008   0x00000010   Data   RO         4027    .constdata          nrf_fprintf_format.o
    0x0002d018   0x0002d018   0x00000010   Data   RO         4163    .constdata          nrf_fstorage_sd.o
    0x0002d028   0x0002d028   0x00000018   Data   RO         4333    .constdata          nrf_pwr_mgmt.o
    0x0002d040   0x0002d040   0x0000000c   Data   RO         4334    .constdata          nrf_pwr_mgmt.o
    0x0002d04c   0x0002d04c   0x0000013c   Data   RO         4434    .constdata          nrf_strerror.o
    0x0002d188   0x0002d188   0x0000000c   Data   RO         4509    .constdata          nrf_log_backend_rtt.o
    0x0002d194   0x0002d194   0x0000000c   PAD
    0x0002d1a0   0x0002d1a0   0x00000006   Data   RO         4510    .constdata          nrf_log_backend_rtt.o
    0x0002d1a6   0x0002d1a6   0x00000002   PAD
    0x0002d1a8   0x0002d1a8   0x00000010   Data   RO         5146    .constdata          nrf_sdh.o
    0x0002d1b8   0x0002d1b8   0x00000028   Data   RO         5147    .constdata          nrf_sdh.o
    0x0002d1e0   0x0002d1e0   0x00000010   Data   RO         5148    .constdata          nrf_sdh.o
    0x0002d1f0   0x0002d1f0   0x00000010   Data   RO         5149    .constdata          nrf_sdh.o
    0x0002d200   0x0002d200   0x00000020   Data   RO         5265    .constdata          nrf_sdh_ble.o
    0x0002d220   0x0002d220   0x00000010   Data   RO         5266    .constdata          nrf_sdh_ble.o
    0x0002d230   0x0002d230   0x00000010   Data   RO         5313    .constdata          nrf_sdh_soc.o
    0x0002d240   0x0002d240   0x0000000c   Data   RO         5314    .constdata          nrf_sdh_soc.o
    0x0002d24c   0x0002d24c   0x00000081   Data   RO         5392    .constdata          mc_w.l(ctype_o.o)
    0x0002d2cd   0x0002d2cd   0x00000003   PAD
    0x0002d2d0   0x0002d2d0   0x00000004   Data   RO         5393    .constdata          mc_w.l(ctype_o.o)
    0x0002d2d4   0x0002d2d4   0x000000a2   Data   RO         1830    .conststring        nrf_ble_gatt.o
    0x0002d376   0x0002d376   0x00000002   PAD
    0x0002d378   0x0002d378   0x000003eb   Data   RO         4435    .conststring        nrf_strerror.o
    0x0002d763   0x0002d763   0x00000001   PAD
    0x0002d764   0x0002d764   0x00000066   Data   RO         4831    .conststring        nrf_log_str_formatter.o
    0x0002d7ca   0x0002d7ca   0x00000002   PAD
    0x0002d7cc   0x0002d7cc   0x000001cf   Data   RO         5267    .conststring        nrf_sdh_ble.o
    0x0002d99b   0x0002d99b   0x00000001   PAD
    0x0002d99c   0x0002d99c   0x00000005   Data   RO          819    .conststrlit        nrfx_spim.o
    0x0002d9a1   0x0002d9a1   0x00000003   PAD
    0x0002d9a4   0x0002d9a4   0x0000000d   Data   RO         1831    .conststrlit        nrf_ble_gatt.o
    0x0002d9b1   0x0002d9b1   0x00000003   PAD
    0x0002d9b4   0x0002d9b4   0x00000008   Data   RO         1966    .conststrlit        ble_nus.o
    0x0002d9bc   0x0002d9bc   0x00000006   Data   RO         2042    .conststrlit        nrf_drv_clock.o
    0x0002d9c2   0x0002d9c2   0x00000002   PAD
    0x0002d9c4   0x0002d9c4   0x00000006   Data   RO         2232    .conststrlit        nrfx_clock.o
    0x0002d9ca   0x0002d9ca   0x00000002   PAD
    0x0002d9cc   0x0002d9cc   0x00000007   Data   RO         2384    .conststrlit        nrfx_gpiote.o
    0x0002d9d3   0x0002d9d3   0x00000001   PAD
    0x0002d9d4   0x0002d9d4   0x00000004   Data   RO         2644    .conststrlit        nrfx_prs.o
    0x0002d9d8   0x0002d9d8   0x00000005   Data   RO         2721    .conststrlit        nrfx_uart.o
    0x0002d9dd   0x0002d9dd   0x00000003   PAD
    0x0002d9e0   0x0002d9e0   0x00000006   Data   RO         2898    .conststrlit        nrfx_uarte.o
    0x0002d9e6   0x0002d9e6   0x00000002   PAD
    0x0002d9e8   0x0002d9e8   0x0000000d   Data   RO         4075    .conststrlit        nrf_fstorage.o
    0x0002d9f5   0x0002d9f5   0x00000003   PAD
    0x0002d9f8   0x0002d9f8   0x0000000e   Data   RO         4165    .conststrlit        nrf_fstorage_sd.o
    0x0002da06   0x0002da06   0x00000002   PAD
    0x0002da08   0x0002da08   0x00000009   Data   RO         4335    .conststrlit        nrf_pwr_mgmt.o
    0x0002da11   0x0002da11   0x00000003   PAD
    0x0002da14   0x0002da14   0x00000018   Data   RO         4668    .conststrlit        nrf_log_frontend.o
    0x0002da2c   0x0002da2c   0x00000008   Data   RO         5150    .conststrlit        nrf_sdh.o
    0x0002da34   0x0002da34   0x0000000c   Data   RO         5268    .conststrlit        nrf_sdh_ble.o
    0x0002da40   0x0002da40   0x0000000c   Data   RO         5315    .conststrlit        nrf_sdh_soc.o
    0x0002da4c   0x0002da4c   0x00000020   Data   RO         5743    Region$$Table       anon$$obj.o
    0x0002da6c   0x0002da6c   0x00000008   Data   RO          820    log_const_data      nrfx_spim.o
    0x0002da74   0x0002da74   0x00000008   Data   RO         1832    log_const_data      nrf_ble_gatt.o
    0x0002da7c   0x0002da7c   0x00000008   Data   RO         1967    log_const_data      ble_nus.o
    0x0002da84   0x0002da84   0x00000008   Data   RO         2043    log_const_data      nrf_drv_clock.o
    0x0002da8c   0x0002da8c   0x00000008   Data   RO         2234    log_const_data      nrfx_clock.o
    0x0002da94   0x0002da94   0x00000008   Data   RO         2385    log_const_data      nrfx_gpiote.o
    0x0002da9c   0x0002da9c   0x00000008   Data   RO         2646    log_const_data      nrfx_prs.o
    0x0002daa4   0x0002daa4   0x00000008   Data   RO         2722    log_const_data      nrfx_uart.o
    0x0002daac   0x0002daac   0x00000008   Data   RO         2899    log_const_data      nrfx_uarte.o
    0x0002dab4   0x0002dab4   0x00000008   Data   RO         4076    log_const_data      nrf_fstorage.o
    0x0002dabc   0x0002dabc   0x00000008   Data   RO         4168    log_const_data      nrf_fstorage_sd.o
    0x0002dac4   0x0002dac4   0x00000008   Data   RO         4337    log_const_data      nrf_pwr_mgmt.o
    0x0002dacc   0x0002dacc   0x00000010   Data   RO         4671    log_const_data      nrf_log_frontend.o
    0x0002dadc   0x0002dadc   0x00000008   Data   RO         5152    log_const_data      nrf_sdh.o
    0x0002dae4   0x0002dae4   0x00000008   Data   RO         5270    log_const_data      nrf_sdh_ble.o
    0x0002daec   0x0002daec   0x00000008   Data   RO         5316    log_const_data      nrf_sdh_soc.o
    0x0002daf4   0x0002daf4   0x00000018   Data   RO         4673    nrf_balloc          nrf_log_frontend.o
    0x0002db0c   0x0002db0c   0x00000008   Data   RO         1597    sdh_ble_observers0  ble_conn_state.o
    0x0002db14   0x0002db14   0x00000010   Data   RO           23    sdh_ble_observers1  main.o
    0x0002db24   0x0002db24   0x00000008   Data   RO         1264    sdh_ble_observers1  bsp_btn_ble.o
    0x0002db2c   0x0002db2c   0x00000008   Data   RO         1513    sdh_ble_observers1  ble_conn_params.o
    0x0002db34   0x0002db34   0x00000010   Data   RO           24    sdh_ble_observers2  main.o
    0x0002db44   0x0002db44   0x00000008   Data   RO           25    sdh_ble_observers3  main.o
    0x0002db4c   0x0002db4c   0x00000008   Data   RO         4170    sdh_req_observers0  nrf_fstorage_sd.o
    0x0002db54   0x0002db54   0x00000008   Data   RO         2045    sdh_soc_observers0  nrf_drv_clock.o
    0x0002db5c   0x0002db5c   0x00000008   Data   RO         4171    sdh_soc_observers0  nrf_fstorage_sd.o
    0x0002db64   0x0002db64   0x00000008   Data   RO           26    sdh_soc_observers1  main.o
    0x0002db6c   0x0002db6c   0x00000008   Data   RO         5272    sdh_stack_observers0  nrf_sdh_ble.o
    0x0002db74   0x0002db74   0x00000008   Data   RO         5318    sdh_stack_observers0  nrf_sdh_soc.o
    0x0002db7c   0x0002db7c   0x00000008   Data   RO         2046    sdh_state_observers0  nrf_drv_clock.o
    0x0002db84   0x0002db84   0x00000008   Data   RO         4172    sdh_state_observers0  nrf_fstorage_sd.o


    Execution Region RW_IRAM1 (Exec base: 0x20002a98, Load base: 0x0002db8c, Size: 0x00004288, Max: 0x0000d568, ABSOLUTE, COMPRESSED[0x00000130])

    Exec Addr    Load Addr    Size         Type   Attr      Idx    E Section Name        Object

    0x20002a98   COMPRESSED   0x00000008   Data   RW           20    .data               main.o
    0x20002aa0   COMPRESSED   0x00000034   Data   RW           21    .data               main.o
    0x20002ad4   COMPRESSED   0x00000004   Data   RW           22    .data               main.o
    0x20002ad8   COMPRESSED   0x00000004   Data   RW          440    .data               delay.o
    0x20002adc   COMPRESSED   0x0000000b   Data   RW          507    .data               led_mode_handler.o
    0x20002ae7   COMPRESSED   0x00000001   Data   RW          631    .data               spi_apa102.o
    0x20002ae8   COMPRESSED   0x0000000d   Data   RW          947    .data               blap.o
    0x20002af5   COMPRESSED   0x00000100   Data   RW         1019    .data               font.o
    0x20002bf5   COMPRESSED   0x00000003   PAD
    0x20002bf8   COMPRESSED   0x00000010   Data   RW         1162    .data               bsp.o
    0x20002c08   COMPRESSED   0x00000008   Data   RW         1263    .data               bsp_btn_ble.o
    0x20002c10   COMPRESSED   0x00000008   Data   RW         1512    .data               ble_conn_params.o
    0x20002c18   COMPRESSED   0x0000000c   Data   RW         2166    .data               nrf_drv_uart.o
    0x20002c24   COMPRESSED   0x00000008   Data   RW         2233    .data               nrfx_clock.o
    0x20002c2c   COMPRESSED   0x00000008   Data   RW         2645    .data               nrfx_prs.o
    0x20002c34   COMPRESSED   0x00000004   PAD
    0x20002c38   COMPRESSED   0x00000020   Data   RW         3029    .data               app_button.o
    0x20002c58   COMPRESSED   0x00000014   Data   RW         3331    .data               app_timer.o
    0x20002c6c   COMPRESSED   0x0000001c   Data   RW         3486    .data               app_uart_fifo.o
    0x20002c88   COMPRESSED   0x00000014   Data   RW         4166    .data               nrf_fstorage_sd.o
    0x20002c9c   COMPRESSED   0x00000008   Data   RW         4167    .data               nrf_fstorage_sd.o
    0x20002ca4   COMPRESSED   0x00000008   Data   RW         4336    .data               nrf_pwr_mgmt.o
    0x20002cac   COMPRESSED   0x00000004   Data   RW         4467    .data               retarget.o
    0x20002cb0   COMPRESSED   0x00000001   Data   RW         4511    .data               nrf_log_backend_rtt.o
    0x20002cb1   COMPRESSED   0x00000003   PAD
    0x20002cb4   COMPRESSED   0x0000000c   Data   RW         4607    .data               nrf_log_default_backends.o
    0x20002cc0   COMPRESSED   0x00000008   Data   RW         4669    .data               nrf_log_frontend.o
    0x20002cc8   COMPRESSED   0x00000008   Data   RW         4670    .data               nrf_log_frontend.o
    0x20002cd0   COMPRESSED   0x00000040   Data   RW         4832    .data               nrf_log_str_formatter.o
    0x20002d10   COMPRESSED   0x00000003   Data   RW         5151    .data               nrf_sdh.o
    0x20002d13   COMPRESSED   0x00000001   Data   RW         5269    .data               nrf_sdh_ble.o
    0x20002d14   COMPRESSED   0x00000004   Data   RW         5353    .data               system_nrf52.o
    0x20002d18   COMPRESSED   0x00000004   Data   RW         5716    .data               mc_w.l(errno.o)
    0x20002d1c   COMPRESSED   0x00000004   Data   RW          821    log_dynamic_data    nrfx_spim.o
    0x20002d20   COMPRESSED   0x00000004   Data   RW         1833    log_dynamic_data    nrf_ble_gatt.o
    0x20002d24   COMPRESSED   0x00000004   Data   RW         1968    log_dynamic_data    ble_nus.o
    0x20002d28   COMPRESSED   0x00000004   Data   RW         2044    log_dynamic_data    nrf_drv_clock.o
    0x20002d2c   COMPRESSED   0x00000004   Data   RW         2235    log_dynamic_data    nrfx_clock.o
    0x20002d30   COMPRESSED   0x00000004   Data   RW         2386    log_dynamic_data    nrfx_gpiote.o
    0x20002d34   COMPRESSED   0x00000004   Data   RW         2647    log_dynamic_data    nrfx_prs.o
    0x20002d38   COMPRESSED   0x00000004   Data   RW         2723    log_dynamic_data    nrfx_uart.o
    0x20002d3c   COMPRESSED   0x00000004   Data   RW         2900    log_dynamic_data    nrfx_uarte.o
    0x20002d40   COMPRESSED   0x00000004   Data   RW         4077    log_dynamic_data    nrf_fstorage.o
    0x20002d44   COMPRESSED   0x00000004   Data   RW         4169    log_dynamic_data    nrf_fstorage_sd.o
    0x20002d48   COMPRESSED   0x00000004   Data   RW         4338    log_dynamic_data    nrf_pwr_mgmt.o
    0x20002d4c   COMPRESSED   0x00000008   Data   RW         4672    log_dynamic_data    nrf_log_frontend.o
    0x20002d54   COMPRESSED   0x00000004   Data   RW         5153    log_dynamic_data    nrf_sdh.o
    0x20002d58   COMPRESSED   0x00000004   Data   RW         5271    log_dynamic_data    nrf_sdh_ble.o
    0x20002d5c   COMPRESSED   0x00000004   Data   RW         5317    log_dynamic_data    nrf_sdh_soc.o
    0x20002d60        -       0x00001294   Zero   RW           18    .bss                main.o
    0x20003ff4        -       0x00000108   Zero   RW          628    .bss                spi_apa102.o
    0x200040fc        -       0x00000040   Zero   RW          629    .bss                spi_apa102.o
    0x2000413c        -       0x00000018   Zero   RW          751    .bss                nrf_drv_spi.o
    0x20004154        -       0x00000024   Zero   RW          814    .bss                nrfx_spim.o
    0x20004178        -       0x00000020   Zero   RW         1157    .bss                bsp.o
    0x20004198        -       0x00000020   Zero   RW         1158    .bss                bsp.o
    0x200041b8        -       0x0000000c   Zero   RW         1159    .bss                bsp.o
    0x200041c4        -       0x00000020   Zero   RW         1160    .bss                bsp.o
    0x200041e4        -       0x00000050   Zero   RW         1511    .bss                ble_conn_params.o
    0x20004234        -       0x00000078   Zero   RW         1596    .bss                ble_conn_state.o
    0x200042ac        -       0x00000014   Zero   RW         2037    .bss                nrf_drv_clock.o
    0x200042c0        -       0x0000005c   Zero   RW         2379    .bss                nrfx_gpiote.o
    0x2000431c        -       0x0000002c   Zero   RW         2716    .bss                nrfx_uart.o
    0x20004348        -       0x00000024   Zero   RW         2893    .bss                nrfx_uarte.o
    0x2000436c        -       0x00000020   Zero   RW         3027    .bss                app_button.o
    0x2000438c        -       0x0000010c   Zero   RW         3329    .bss                app_timer.o
    0x20004498        -       0x00000020   Zero   RW         3484    .bss                app_uart_fifo.o
    0x200044b8        -       0x0000000c   Zero   RW         3565    .bss                app_util_platform.o
    0x200044c4        -       0x000000a0   Zero   RW         4162    .bss                nrf_fstorage_sd.o
    0x20004564        -       0x0000000c   Zero   RW         4332    .bss                nrf_pwr_mgmt.o
    0x20004570        -       0x00000040   Zero   RW         4508    .bss                nrf_log_backend_rtt.o
    0x200045b0        -       0x000000c0   Zero   RW         4666    .bss                nrf_log_frontend.o
    0x20004670        -       0x00000424   Zero   RW         4667    .bss                nrf_log_frontend.o
    0x20004a94        -       0x00000288   Zero   RW         4905    .bss                segger_rtt.o
    0x20004d1c   COMPRESSED   0x00000004   PAD
    0x20004d20        -       0x00002000   Zero   RW         5341    STACK               arm_startup_nrf52.o


==============================================================================

Image component sizes


      Code (inc. data)   RO Data    RW Data    ZI Data      Debug   Object Name

       440         36          8         32         32      13190   app_button.o
        22          0          0          0          0       2485   app_error.o
       124         40          0          0          0      30653   app_error_weak.o
       118          0          0          0          0       5110   app_fifo.o
      1510        118          6         20        268      49039   app_timer.o
       524         60         32         28         32      21254   app_uart_fifo.o
       124         14          0          0         12       9654   app_util_platform.o
        36          8        512          0       8192        944   arm_startup_nrf52.o
       354         74          0         13          0       3550   blap.o
      1314          0          0          0          0      38352   ble_advdata.o
      1116          6          0          0          0      13312   ble_advertising.o
       636         44          8          8         80       9375   ble_conn_params.o
       360         10          8          0        120       6935   ble_conn_state.o
        72          0          0          0          0       1676   ble_link_ctx_manager.o
       920          4         32          4          0       8992   ble_nus.o
         8          0          0          0          0       1486   ble_srv_common.o
       358         40          8          0          0      13643   boards.o
       982         82         44         16        108      15611   bsp.o
       252         10          8          8          0       4896   bsp_btn_ble.o
        96         16          0          4          0      59647   delay.o
        60          0          0        256          0       1371   font.o
       742         62          0         11          0       9215   led_mode_handler.o
      1512        298         72         64       4756     168051   main.o
       244          0          0          0          0       5737   nrf_atfifo.o
        64          0          0          0          0       3020   nrf_atflags.o
       306          0          0          0          0       8175   nrf_atomic.o
       164          0          0          0          0       3700   nrf_balloc.o
       922        254        205          4          0      37206   nrf_ble_gatt.o
       276          0          0          0          0       4773   nrf_ble_qwr.o
       276         34         30          4         20      37950   nrf_drv_clock.o
       168         18         16          0         24      14599   nrf_drv_spi.o
       200         26          0         12          0      17836   nrf_drv_uart.o
        50          0          0          0          0       3589   nrf_fprintf.o
       850          4         16          0          0       5558   nrf_fprintf_format.o
        80         10         21          4          0       2704   nrf_fstorage.o
       484         42         62         32        160       9833   nrf_fstorage_sd.o
       112         18         18          1         64       6481   nrf_log_backend_rtt.o
       200          0          0          0          0      10859   nrf_log_backend_serial.o
        28          6          0         12          0       3250   nrf_log_default_backends.o
      1490        118         64         24       1252      30273   nrf_log_frontend.o
       566        108        102         64          0       5888   nrf_log_str_formatter.o
       330          0          0          0          0       8283   nrf_memobj.o
       108         16         53         12         12      36671   nrf_pwr_mgmt.o
       660         60        104          7          0      43804   nrf_sdh.o
       756        224        539          5          0       6105   nrf_sdh_ble.o
        60          4         56          4          0       2624   nrf_sdh_soc.o
        78          0          0          0          0       2836   nrf_section_iter.o
        76         10       1319          0          0       2803   nrf_strerror.o
       222         28         14         12          0      13653   nrfx_clock.o
      1226         92         19          4         92      59106   nrfx_gpiote.o
        94         16         12         12          0       3921   nrfx_prs.o
       882         20         17          4         36      54058   nrfx_spim.o
      1362         36         17          4         44      28774   nrfx_uart.o
      1200         38         18          4         36      22449   nrfx_uarte.o
        14          0          0          4          0       2922   retarget.o
       378         34          0          0        648       9133   segger_rtt.o
       116         50          0          0          0       1124   send_uart.o
       508         60         32          1        328      26674   spi_apa102.o
       796         70          0          4          0       3015   system_nrf52.o

    ----------------------------------------------------------------------
     27070       2318       3564        708      16320    1027827   Object Totals
         0          0         32          0          0          0   (incl. Generated)
        44          0         60         10          4          0   (incl. Padding)

    ----------------------------------------------------------------------

      Code (inc. data)   RO Data    RW Data    ZI Data      Debug   Library Member Name

        86          0          0          0          0          0   __dczerorl2.o
        28          0          0          0          0         68   _chval.o
       158          0          0          0          0         92   _strtoul.o
        26          0          0          0          0         80   atoi.o
         8          4        133          0          0         68   ctype_o.o
         0          0          0          0          0          0   entry.o
         0          0          0          0          0          0   entry10a.o
         0          0          0          0          0          0   entry11a.o
         8          4          0          0          0          0   entry2.o
         4          0          0          0          0          0   entry5.o
         0          0          0          0          0          0   entry7b.o
         0          0          0          0          0          0   entry8b.o
         8          4          0          0          0          0   entry9a.o
         8          4          0          4          0         68   errno.o
        30          0          0          0          0          0   handlers.o
        36          8          0          0          0         68   init.o
        30          0          0          0          0         68   llshl.o
        32          0          0          0          0         68   llushr.o
        36          0          0          0          0         68   memcpya.o
        36          0          0          0          0        108   memseta.o
        50          8          0          0          0        152   printfb.o
        28          0          0          0          0         76   strcmp.o
        18          0          0          0          0         68   strcpy.o
        14          0          0          0          0         68   strlen.o
       112          0          0          0          0         88   strtol.o
        98          0          0          0          0         92   uldiv.o

    ----------------------------------------------------------------------
       858         32        136          4          0       1300   Library Totals
         4          0          3          0          0          0   (incl. Padding)

    ----------------------------------------------------------------------

      Code (inc. data)   RO Data    RW Data    ZI Data      Debug   Library Name

       854         32        133          4          0       1300   mc_w.l

    ----------------------------------------------------------------------
       858         32        136          4          0       1300   Library Totals

    ----------------------------------------------------------------------

==============================================================================


      Code (inc. data)   RO Data    RW Data    ZI Data      Debug   

     27928       2350       3700        712      16320     995787   Grand Totals
     27928       2350       3700        304      16320     995787   ELF Image Totals (compressed)
     27928       2350       3700        304          0          0   ROM Totals

==============================================================================

    Total RO  Size (Code + RO Data)                31628 (  30.89kB)
    Total RW  Size (RW Data + ZI Data)             17032 (  16.63kB)
    Total ROM Size (Code + RO Data + RW Data)      31932 (  31.18kB)

==============================================================================

